Archive member included to satisfy reference by file (symbol)

d:/program files/gnu arm embedded toolchain/10 2021.10/bin/../lib/gcc/arm-none-eabi/10.3.1/thumb/v6-m/nofp\libgcc.a(_udivsi3.o)
                              CMakeFiles/ECG_Sample.elf.dir/Core/Src/system_stm32f0xx.c.obj (__aeabi_uidiv)
d:/program files/gnu arm embedded toolchain/10 2021.10/bin/../lib/gcc/arm-none-eabi/10.3.1/thumb/v6-m/nofp\libgcc.a(_dvmd_tls.o)
                              d:/program files/gnu arm embedded toolchain/10 2021.10/bin/../lib/gcc/arm-none-eabi/10.3.1/thumb/v6-m/nofp\libgcc.a(_udivsi3.o) (__aeabi_idiv0)
d:/program files/gnu arm embedded toolchain/10 2021.10/bin/../lib/gcc/arm-none-eabi/10.3.1/../../../../arm-none-eabi/lib/thumb/v6-m/nofp\libg.a(lib_a-errno.o)
                              CMakeFiles/ECG_Sample.elf.dir/Core/Src/syscalls.c.obj (__errno)
d:/program files/gnu arm embedded toolchain/10 2021.10/bin/../lib/gcc/arm-none-eabi/10.3.1/../../../../arm-none-eabi/lib/thumb/v6-m/nofp\libg.a(lib_a-exit.o)
                              d:/program files/gnu arm embedded toolchain/10 2021.10/bin/../lib/gcc/arm-none-eabi/10.3.1/../../../../arm-none-eabi/lib/thumb/v6-m/nofp/crt0.o (exit)
d:/program files/gnu arm embedded toolchain/10 2021.10/bin/../lib/gcc/arm-none-eabi/10.3.1/../../../../arm-none-eabi/lib/thumb/v6-m/nofp\libg.a(lib_a-impure.o)
                              d:/program files/gnu arm embedded toolchain/10 2021.10/bin/../lib/gcc/arm-none-eabi/10.3.1/../../../../arm-none-eabi/lib/thumb/v6-m/nofp\libg.a(lib_a-exit.o) (_global_impure_ptr)
d:/program files/gnu arm embedded toolchain/10 2021.10/bin/../lib/gcc/arm-none-eabi/10.3.1/../../../../arm-none-eabi/lib/thumb/v6-m/nofp\libg.a(lib_a-init.o)
                              d:/program files/gnu arm embedded toolchain/10 2021.10/bin/../lib/gcc/arm-none-eabi/10.3.1/../../../../arm-none-eabi/lib/thumb/v6-m/nofp/crt0.o (__libc_init_array)
d:/program files/gnu arm embedded toolchain/10 2021.10/bin/../lib/gcc/arm-none-eabi/10.3.1/../../../../arm-none-eabi/lib/thumb/v6-m/nofp\libg.a(lib_a-memset.o)
                              d:/program files/gnu arm embedded toolchain/10 2021.10/bin/../lib/gcc/arm-none-eabi/10.3.1/../../../../arm-none-eabi/lib/thumb/v6-m/nofp/crt0.o (memset)
d:/program files/gnu arm embedded toolchain/10 2021.10/bin/../lib/gcc/arm-none-eabi/10.3.1/../../../../arm-none-eabi/lib/thumb/v6-m/nofp\libg.a(lib_a-sprintf.o)
                              CMakeFiles/ECG_Sample.elf.dir/Hardware/ads1292.c.obj (sprintf)
d:/program files/gnu arm embedded toolchain/10 2021.10/bin/../lib/gcc/arm-none-eabi/10.3.1/../../../../arm-none-eabi/lib/thumb/v6-m/nofp\libg.a(lib_a-strlen-stub.o)
                              CMakeFiles/ECG_Sample.elf.dir/Core/Src/main.c.obj (strlen)
d:/program files/gnu arm embedded toolchain/10 2021.10/bin/../lib/gcc/arm-none-eabi/10.3.1/../../../../arm-none-eabi/lib/thumb/v6-m/nofp\libg.a(lib_a-strncmp.o)
                              CMakeFiles/ECG_Sample.elf.dir/Core/Src/main.c.obj (strncmp)
d:/program files/gnu arm embedded toolchain/10 2021.10/bin/../lib/gcc/arm-none-eabi/10.3.1/../../../../arm-none-eabi/lib/thumb/v6-m/nofp\libg.a(lib_a-svfprintf.o)
                              d:/program files/gnu arm embedded toolchain/10 2021.10/bin/../lib/gcc/arm-none-eabi/10.3.1/../../../../arm-none-eabi/lib/thumb/v6-m/nofp\libg.a(lib_a-sprintf.o) (_svfprintf_r)
d:/program files/gnu arm embedded toolchain/10 2021.10/bin/../lib/gcc/arm-none-eabi/10.3.1/../../../../arm-none-eabi/lib/thumb/v6-m/nofp\libg.a(lib_a-__call_atexit.o)
                              d:/program files/gnu arm embedded toolchain/10 2021.10/bin/../lib/gcc/arm-none-eabi/10.3.1/../../../../arm-none-eabi/lib/thumb/v6-m/nofp\libg.a(lib_a-exit.o) (__call_exitprocs)
d:/program files/gnu arm embedded toolchain/10 2021.10/bin/../lib/gcc/arm-none-eabi/10.3.1/../../../../arm-none-eabi/lib/thumb/v6-m/nofp\libg.a(lib_a-atexit.o)
                              d:/program files/gnu arm embedded toolchain/10 2021.10/bin/../lib/gcc/arm-none-eabi/10.3.1/../../../../arm-none-eabi/lib/thumb/v6-m/nofp\libg.a(lib_a-__call_atexit.o) (atexit)
d:/program files/gnu arm embedded toolchain/10 2021.10/bin/../lib/gcc/arm-none-eabi/10.3.1/../../../../arm-none-eabi/lib/thumb/v6-m/nofp\libg.a(lib_a-dtoa.o)
                              d:/program files/gnu arm embedded toolchain/10 2021.10/bin/../lib/gcc/arm-none-eabi/10.3.1/../../../../arm-none-eabi/lib/thumb/v6-m/nofp\libg.a(lib_a-svfprintf.o) (_dtoa_r)
d:/program files/gnu arm embedded toolchain/10 2021.10/bin/../lib/gcc/arm-none-eabi/10.3.1/../../../../arm-none-eabi/lib/thumb/v6-m/nofp\libg.a(lib_a-fini.o)
                              d:/program files/gnu arm embedded toolchain/10 2021.10/bin/../lib/gcc/arm-none-eabi/10.3.1/../../../../arm-none-eabi/lib/thumb/v6-m/nofp\libg.a(lib_a-__call_atexit.o) (__libc_fini_array)
[...]
Memory Configuration

Name             Origin             Length             Attributes
RAM              0x20000000         0x00002000         xrw
FLASH            0x08000000         0x00010000         xr
*default*        0x00000000         0xffffffff

Linker script and memory map

LOAD d:/program files/gnu arm embedded toolchain/10 2021.10/bin/../lib/gcc/arm-none-eabi/10.3.1/thumb/v6-m/nofp/crti.o
LOAD d:/program files/gnu arm embedded toolchain/10 2021.10/bin/../lib/gcc/arm-none-eabi/10.3.1/thumb/v6-m/nofp/crtbegin.o
LOAD d:/program files/gnu arm embedded toolchain/10 2021.10/bin/../lib/gcc/arm-none-eabi/10.3.1/../../../../arm-none-eabi/lib/thumb/v6-m/nofp/crt0.o
LOAD CMakeFiles/ECG_Sample.elf.dir/Core/Src/dma.c.obj
LOAD CMakeFiles/ECG_Sample.elf.dir/Core/Src/gpio.c.obj
LOAD CMakeFiles/ECG_Sample.elf.dir/Core/Src/main.c.obj
LOAD CMakeFiles/ECG_Sample.elf.dir/Core/Src/spi.c.obj
LOAD CMakeFiles/ECG_Sample.elf.dir/Core/Src/stm32f0xx_hal_msp.c.obj
LOAD CMakeFiles/ECG_Sample.elf.dir/Core/Src/stm32f0xx_it.c.obj
LOAD CMakeFiles/ECG_Sample.elf.dir/Core/Src/syscalls.c.obj
LOAD CMakeFiles/ECG_Sample.elf.dir/Core/Src/sysmem.c.obj
LOAD CMakeFiles/ECG_Sample.elf.dir/Core/Src/system_stm32f0xx.c.obj
LOAD CMakeFiles/ECG_Sample.elf.dir/Core/Src/tim.c.obj
LOAD CMakeFiles/ECG_Sample.elf.dir/Core/Src/usart.c.obj
LOAD CMakeFiles/ECG_Sample.elf.dir/Core/Startup/startup_stm32f030c8tx.s.obj
LOAD CMakeFiles/ECG_Sample.elf.dir/Drivers/STM32F0xx_HAL_Driver/Src/stm32f0xx_hal.c.obj
LOAD CMakeFiles/ECG_Sample.elf.dir/Drivers/STM32F0xx_HAL_Driver/Src/stm32f0xx_hal_cortex.c.obj
LOAD CMakeFiles/ECG_Sample.elf.dir/Drivers/STM32F0xx_HAL_Driver/Src/stm32f0xx_hal_dma.c.obj
LOAD CMakeFiles/ECG_Sample.elf.dir/Drivers/STM32F0xx_HAL_Driver/Src/stm32f0xx_hal_exti.c.obj
LOAD CMakeFiles/ECG_Sample.elf.dir/Drivers/STM32F0xx_HAL_Driver/Src/stm32f0xx_hal_flash.c.obj
LOAD CMakeFiles/ECG_Sample.elf.dir/Drivers/STM32F0xx_HAL_Driver/Src/stm32f0xx_hal_flash_ex.c.obj
LOAD CMakeFiles/ECG_Sample.elf.dir/Drivers/STM32F0xx_HAL_Driver/Src/stm32f0xx_hal_gpio.c.obj
LOAD CMakeFiles/ECG_Sample.elf.dir/Drivers/STM32F0xx_HAL_Driver/Src/stm32f0xx_hal_i2c.c.obj
LOAD CMakeFiles/ECG_Sample.elf.dir/Drivers/STM32F0xx_HAL_Driver/Src/stm32f0xx_hal_i2c_ex.c.obj
LOAD CMakeFiles/ECG_Sample.elf.dir/Drivers/STM32F0xx_HAL_Driver/Src/stm32f0xx_hal_pwr.c.obj
LOAD CMakeFiles/ECG_Sample.elf.dir/Drivers/STM32F0xx_HAL_Driver/Src/stm32f0xx_hal_pwr_ex.c.obj
LOAD CMakeFiles/ECG_Sample.elf.dir/Drivers/STM32F0xx_HAL_Driver/Src/stm32f0xx_hal_rcc.c.obj
LOAD CMakeFiles/ECG_Sample.elf.dir/Drivers/STM32F0xx_HAL_Driver/Src/stm32f0xx_hal_rcc_ex.c.obj
LOAD CMakeFiles/ECG_Sample.elf.dir/Drivers/STM32F0xx_HAL_Driver/Src/stm32f0xx_hal_spi.c.obj
LOAD CMakeFiles/ECG_Sample.elf.dir/Drivers/STM32F0xx_HAL_Driver/Src/stm32f0xx_hal_spi_ex.c.obj
LOAD CMakeFiles/ECG_Sample.elf.dir/Drivers/STM32F0xx_HAL_Driver/Src/stm32f0xx_hal_tim.c.obj
LOAD CMakeFiles/ECG_Sample.elf.dir/Drivers/STM32F0xx_HAL_Driver/Src/stm32f0xx_hal_tim_ex.c.obj
LOAD CMakeFiles/ECG_Sample.elf.dir/Drivers/STM32F0xx_HAL_Driver/Src/stm32f0xx_hal_uart.c.obj
LOAD CMakeFiles/ECG_Sample.elf.dir/Drivers/STM32F0xx_HAL_Driver/Src/stm32f0xx_hal_uart_ex.c.obj
LOAD CMakeFiles/ECG_Sample.elf.dir/Hardware/ads1292.c.obj
START GROUP
LOAD d:/program files/gnu arm embedded toolchain/10 2021.10/bin/../lib/gcc/arm-none-eabi/10.3.1/thumb/v6-m/nofp\libgcc.a
LOAD d:/program files/gnu arm embedded toolchain/10 2021.10/bin/../lib/gcc/arm-none-eabi/10.3.1/../../../../arm-none-eabi/lib/thumb/v6-m/nofp\libg.a
LOAD d:/program files/gnu arm embedded toolchain/10 2021.10/bin/../lib/gcc/arm-none-eabi/10.3.1/../../../../arm-none-eabi/lib/thumb/v6-m/nofp\libc.a
END GROUP
LOAD d:/program files/gnu arm embedded toolchain/10 2021.10/bin/../lib/gcc/arm-none-eabi/10.3.1/thumb/v6-m/nofp/crtend.o
LOAD d:/program files/gnu arm embedded toolchain/10 2021.10/bin/../lib/gcc/arm-none-eabi/10.3.1/thumb/v6-m/nofp/crtn.o
                0x20002000                _estack = (ORIGIN (RAM) + LENGTH (RAM))
                0x00000200                _Min_Heap_Size = 0x200
                0x00000400                _Min_Stack_Size = 0x400

.isr_vector     0x08000000       0xc0
                0x08000000                . = ALIGN (0x4)
 *(.isr_vector)
 .isr_vector    0x08000000       0xc0 CMakeFiles/ECG_Sample.elf.dir/Core/Startup/startup_stm32f030c8tx.s.obj
                0x08000000                g_pfnVectors
                0x080000c0                . = ALIGN (0x4)

.text           0x080000c0     0xb3fc
                0x080000c0                . = ALIGN (0x4)
 *(.text)
 .text          0x080000c0       0x48 d:/program files/gnu arm embedded toolchain/10 2021.10/bin/../lib/gcc/arm-none-eabi/10.3.1/thumb/v6-m/nofp/crtbegin.o
 .text          0x08000108      0x114 d:/program files/gnu arm embedded toolchain/10 2021.10/bin/../lib/gcc/arm-none-eabi/10.3.1/thumb/v6-m/nofp\libgcc.a(_udivsi3.o)
                0x08000108                __aeabi_uidiv
                0x08000108                __udivsi3
                0x08000214                __aeabi_uidivmod
 .text          0x0800021c        0x4 d:/program files/gnu arm embedded toolchain/10 2021.10/bin/../lib/gcc/arm-none-eabi/10.3.1/thumb/v6-m/nofp\libgcc.a(_dvmd_tls.o)
                0x0800021c                __aeabi_idiv0
                0x0800021c                __aeabi_ldiv0
 .text          0x08000220      0x1d4 d:/program files/gnu arm embedded toolchain/10 2021.10/bin/../lib/gcc/arm-none-eabi/10.3.1/thumb/v6-m/nofp\libgcc.a(_divsi3.o)
                0x08000220                __divsi3
                0x08000220                __aeabi_idiv
                0x080003ec                __aeabi_idivmod
 .text          0x080003f4       0x7c d:/program files/gnu arm embedded toolchain/10 2021.10/bin/../lib/gcc/arm-none-eabi/10.3.1/thumb/v6-m/nofp\libgcc.a(_arm_cmpdf2.o)
                0x080003f4                __aeabi_cdrcmple
                0x08000404                __aeabi_cdcmple
                0x08000404                __aeabi_cdcmpeq
                0x08000414                __aeabi_dcmpeq
                0x08000420                __aeabi_dcmplt
                0x08000434                __aeabi_dcmple
                0x08000448                __aeabi_dcmpgt
                0x0800045c                __aeabi_dcmpge
 .text          0x08000470       0x40 d:/program files/gnu arm embedded toolchain/10 2021.10/bin/../lib/gcc/arm-none-eabi/10.3.1/thumb/v6-m/nofp\libgcc.a(_aeabi_uldivmod.o)
                0x08000470                __aeabi_uldivmod
 .text          0x080004b0      0x198 d:/program files/gnu arm embedded toolchain/10 2021.10/bin/../lib/gcc/arm-none-eabi/10.3.1/thumb/v6-m/nofp\libgcc.a(_udivmoddi4.o)
                0x080004b0                __udivmoddi4
 .text          0x08000648      0x678 d:/program files/gnu arm embedded toolchain/10 2021.10/bin/../lib/gcc/arm-none-eabi/10.3.1/thumb/v6-m/nofp\libgcc.a(adddf3.o)
                0x08000648                __aeabi_dadd
 .text          0x08000cc0      0x5ec d:/program files/gnu arm embedded toolchain/10 2021.10/bin/../lib/gcc/arm-none-eabi/10.3.1/thumb/v6-m/nofp\libgcc.a(divdf3.o)
                0x08000cc0                __aeabi_ddiv
 .text          0x080012ac       0x84 d:/program files/gnu arm embedded toolchain/10 2021.10/bin/../lib/gcc/arm-none-eabi/10.3.1/thumb/v6-m/nofp\libgcc.a(eqdf2.o)
                0x080012ac                __nedf2
                0x080012ac                __eqdf2
 .text          0x08001330       0xcc d:/program files/gnu arm embedded toolchain/10 2021.10/bin/../lib/gcc/arm-none-eabi/10.3.1/thumb/v6-m/nofp\libgcc.a(gedf2.o)
                0x08001330                __gedf2
                0x08001330                __gtdf2
 .text          0x080013fc       0xc8 d:/program files/gnu arm embedded toolchain/10 2021.10/bin/../lib/gcc/arm-none-eabi/10.3.1/thumb/v6-m/nofp\libgcc.a(ledf2.o)
                0x080013fc                __ledf2
                0x080013fc                __ltdf2
 .text          0x080014c4      0x4d8 d:/program files/gnu arm embedded toolchain/10 2021.10/bin/../lib/gcc/arm-none-eabi/10.3.1/thumb/v6-m/nofp\libgcc.a(muldf3.o)
                0x080014c4                __aeabi_dmul
 .text          0x0800199c      0x724 d:/program files/gnu arm embedded toolchain/10 2021.10/bin/../lib/gcc/arm-none-eabi/10.3.1/thumb/v6-m/nofp\libgcc.a(subdf3.o)
                0x0800199c                __aeabi_dsub
 .text          0x080020c0       0x3c d:/program files/gnu arm embedded toolchain/10 2021.10/bin/../lib/gcc/arm-none-eabi/10.3.1/thumb/v6-m/nofp\libgcc.a(unorddf2.o)
                0x080020c0                __aeabi_dcmpun
 .text          0x080020fc       0x6c d:/program files/gnu arm embedded toolchain/10 2021.10/bin/../lib/gcc/arm-none-eabi/10.3.1/thumb/v6-m/nofp\libgcc.a(fixdfsi.o)
                0x080020fc                __aeabi_d2iz
 .text          0x08002168       0x60 d:/program files/gnu arm embedded toolchain/10 2021.10/bin/../lib/gcc/arm-none-eabi/10.3.1/thumb/v6-m/nofp\libgcc.a(floatsidf.o)
                0x08002168                __aeabi_i2d
 .text          0x080021c8       0x4c d:/program files/gnu arm embedded toolchain/10 2021.10/bin/../lib/gcc/arm-none-eabi/10.3.1/thumb/v6-m/nofp\libgcc.a(floatunsidf.o)
                0x080021c8                __aeabi_ui2d
 .text          0x08002214       0x3c d:/program files/gnu arm embedded toolchain/10 2021.10/bin/../lib/gcc/arm-none-eabi/10.3.1/thumb/v6-m/nofp\libgcc.a(_clzsi2.o)
                0x08002214                __clzsi2
 .text          0x08002250       0x18 d:/program files/gnu arm embedded toolchain/10 2021.10/bin/../lib/gcc/arm-none-eabi/10.3.1/thumb/v6-m/nofp\libgcc.a(_clzdi2.o)
                0x08002250                __clzdi2
 *(.text*)
 .text.MX_DMA_Init
                0x08002268       0x30 CMakeFiles/ECG_Sample.elf.dir/Core/Src/dma.c.obj
                0x08002268                MX_DMA_Init
 .text.MX_GPIO_Init
                0x08002298       0x94 CMakeFiles/ECG_Sample.elf.dir/Core/Src/gpio.c.obj
                0x08002298                MX_GPIO_Init
 .text.HAL_GPIO_EXTI_Callback
                0x0800232c       0x24 CMakeFiles/ECG_Sample.elf.dir/Core/Src/main.c.obj
                0x0800232c                HAL_GPIO_EXTI_Callback
 .text.HAL_UARTEx_RxEventCallback
                0x08002350       0x58 CMakeFiles/ECG_Sample.elf.dir/Core/Src/main.c.obj
                0x08002350                HAL_UARTEx_RxEventCallback
 .text.Error_Handler
                0x080023a8        0x4 CMakeFiles/ECG_Sample.elf.dir/Core/Src/main.c.obj
                0x080023a8                Error_Handler
 .text.SystemClock_Config
                0x080023ac       0x7c CMakeFiles/ECG_Sample.elf.dir/Core/Src/main.c.obj
                0x080023ac                SystemClock_Config
 .text.main     0x08002428      0x158 CMakeFiles/ECG_Sample.elf.dir/Core/Src/main.c.obj
                0x08002428                main
 .text.MX_SPI1_Init
                0x08002580       0x50 CMakeFiles/ECG_Sample.elf.dir/Core/Src/spi.c.obj
                0x08002580                MX_SPI1_Init
 .text.HAL_SPI_MspInit
                0x080025d0       0x64 CMakeFiles/ECG_Sample.elf.dir/Core/Src/spi.c.obj
                0x080025d0                HAL_SPI_MspInit
 .text.HAL_MspInit
                0x08002634       0x30 CMakeFiles/ECG_Sample.elf.dir/Core/Src/stm32f0xx_hal_msp.c.obj
                0x08002634                HAL_MspInit
 .text.NMI_Handler
                0x08002664        0x2 CMakeFiles/ECG_Sample.elf.dir/Core/Src/stm32f0xx_it.c.obj
                0x08002664                NMI_Handler
 .text.HardFault_Handler
                0x08002666        0x2 CMakeFiles/ECG_Sample.elf.dir/Core/Src/stm32f0xx_it.c.obj
                0x08002666                HardFault_Handler
 .text.SVC_Handler
                0x08002668        0x2 CMakeFiles/ECG_Sample.elf.dir/Core/Src/stm32f0xx_it.c.obj
                0x08002668                SVC_Handler
 .text.PendSV_Handler
                0x0800266a        0x2 CMakeFiles/ECG_Sample.elf.dir/Core/Src/stm32f0xx_it.c.obj
                0x0800266a                PendSV_Handler
 .text.SysTick_Handler
                0x0800266c        0x8 CMakeFiles/ECG_Sample.elf.dir/Core/Src/stm32f0xx_it.c.obj
                0x0800266c                SysTick_Handler
 .text.EXTI4_15_IRQHandler
                0x08002674        0xc CMakeFiles/ECG_Sample.elf.dir/Core/Src/stm32f0xx_it.c.obj
                0x08002674                EXTI4_15_IRQHandler
 .text.DMA1_Channel2_3_IRQHandler
                0x08002680       0x10 CMakeFiles/ECG_Sample.elf.dir/Core/Src/stm32f0xx_it.c.obj
                0x08002680                DMA1_Channel2_3_IRQHandler
 .text.USART1_IRQHandler
                0x08002690       0x10 CMakeFiles/ECG_Sample.elf.dir/Core/Src/stm32f0xx_it.c.obj
                0x08002690                USART1_IRQHandler
 .text._getpid  0x080026a0        0x4 CMakeFiles/ECG_Sample.elf.dir/Core/Src/syscalls.c.obj
                0x080026a0                _getpid
 .text._kill    0x080026a4       0x10 CMakeFiles/ECG_Sample.elf.dir/Core/Src/syscalls.c.obj
                0x080026a4                _kill
 .text._exit    0x080026b4        0xc CMakeFiles/ECG_Sample.elf.dir/Core/Src/syscalls.c.obj
                0x080026b4                _exit
 .text._read    0x080026c0       0x1c CMakeFiles/ECG_Sample.elf.dir/Core/Src/syscalls.c.obj
                0x080026c0                _read
 .text._write   0x080026dc       0x1c CMakeFiles/ECG_Sample.elf.dir/Core/Src/syscalls.c.obj
                0x080026dc                _write
 .text._close   0x080026f8        0x6 CMakeFiles/ECG_Sample.elf.dir/Core/Src/syscalls.c.obj
                0x080026f8                _close
 .text._fstat   0x080026fe        0xa CMakeFiles/ECG_Sample.elf.dir/Core/Src/syscalls.c.obj
                0x080026fe                _fstat
 .text._isatty  0x08002708        0x4 CMakeFiles/ECG_Sample.elf.dir/Core/Src/syscalls.c.obj
                0x08002708                _isatty
 .text._lseek   0x0800270c        0x4 CMakeFiles/ECG_Sample.elf.dir/Core/Src/syscalls.c.obj
                0x0800270c                _lseek
 .text._sbrk    0x08002710       0x48 CMakeFiles/ECG_Sample.elf.dir/Core/Src/sysmem.c.obj
                0x08002710                _sbrk
 .text.SystemInit
                0x08002758        0x2 CMakeFiles/ECG_Sample.elf.dir/Core/Src/system_stm32f0xx.c.obj
                0x08002758                SystemInit
 *fill*         0x0800275a        0x2 
 .text.MX_TIM17_Init
                0x0800275c       0x38 CMakeFiles/ECG_Sample.elf.dir/Core/Src/tim.c.obj
                0x0800275c                MX_TIM17_Init
 .text.HAL_TIM_Base_MspInit
                0x08002794       0x2c CMakeFiles/ECG_Sample.elf.dir/Core/Src/tim.c.obj
                0x08002794                HAL_TIM_Base_MspInit
 .text.MX_USART1_UART_Init
                0x080027c0       0x3c CMakeFiles/ECG_Sample.elf.dir/Core/Src/usart.c.obj
                0x080027c0                MX_USART1_UART_Init
 .text.HAL_UART_MspInit
                0x080027fc       0xb0 CMakeFiles/ECG_Sample.elf.dir/Core/Src/usart.c.obj
                0x080027fc                HAL_UART_MspInit
 .text.Reset_Handler
                0x080028ac       0x50 CMakeFiles/ECG_Sample.elf.dir/Core/Startup/startup_stm32f030c8tx.s.obj
                0x080028ac                Reset_Handler
 .text.Default_Handler
                0x080028fc        0x2 CMakeFiles/ECG_Sample.elf.dir/Core/Startup/startup_stm32f030c8tx.s.obj
                0x080028fc                TIM1_CC_IRQHandler
                0x080028fc                TIM6_IRQHandler
                0x080028fc                I2C1_IRQHandler
                0x080028fc                SPI1_IRQHandler
                0x080028fc                EXTI2_3_IRQHandler
                0x080028fc                ADC1_IRQHandler
                0x080028fc                I2C2_IRQHandler
                0x080028fc                TIM17_IRQHandler
                0x080028fc                RTC_IRQHandler
                0x080028fc                TIM16_IRQHandler
                0x080028fc                TIM3_IRQHandler
                0x080028fc                RCC_IRQHandler
                0x080028fc                DMA1_Channel1_IRQHandler
                0x080028fc                Default_Handler
                0x080028fc                TIM14_IRQHandler
                0x080028fc                DMA1_Channel4_5_IRQHandler
                0x080028fc                TIM15_IRQHandler
                0x080028fc                EXTI0_1_IRQHandler
                0x080028fc                SPI2_IRQHandler
                0x080028fc                WWDG_IRQHandler
                0x080028fc                USART2_IRQHandler
                0x080028fc                FLASH_IRQHandler
                0x080028fc                TIM1_BRK_UP_TRG_COM_IRQHandler
 *fill*         0x080028fe        0x2 
 .text.HAL_InitTick
                0x08002900       0x50 CMakeFiles/ECG_Sample.elf.dir/Drivers/STM32F0xx_HAL_Driver/Src/stm32f0xx_hal.c.obj
                0x08002900                HAL_InitTick
 .text.HAL_Init
                0x08002950       0x20 CMakeFiles/ECG_Sample.elf.dir/Drivers/STM32F0xx_HAL_Driver/Src/stm32f0xx_hal.c.obj
                0x08002950                HAL_Init
 .text.HAL_IncTick
                0x08002970       0x18 CMakeFiles/ECG_Sample.elf.dir/Drivers/STM32F0xx_HAL_Driver/Src/stm32f0xx_hal.c.obj
                0x08002970                HAL_IncTick
 .text.HAL_GetTick
                0x08002988        0xc CMakeFiles/ECG_Sample.elf.dir/Drivers/STM32F0xx_HAL_Driver/Src/stm32f0xx_hal.c.obj
                0x08002988                HAL_GetTick
 .text.HAL_Delay
                0x08002994       0x24 CMakeFiles/ECG_Sample.elf.dir/Drivers/STM32F0xx_HAL_Driver/Src/stm32f0xx_hal.c.obj
                0x08002994                HAL_Delay
 .text.HAL_NVIC_SetPriority
                0x080029b8       0x60 CMakeFiles/ECG_Sample.elf.dir/Drivers/STM32F0xx_HAL_Driver/Src/stm32f0xx_hal_cortex.c.obj
                0x080029b8                HAL_NVIC_SetPriority
 .text.HAL_NVIC_EnableIRQ
                0x08002a18       0x18 CMakeFiles/ECG_Sample.elf.dir/Drivers/STM32F0xx_HAL_Driver/Src/stm32f0xx_hal_cortex.c.obj
                0x08002a18                HAL_NVIC_EnableIRQ
 .text.HAL_NVIC_DisableIRQ
                0x08002a30       0x20 CMakeFiles/ECG_Sample.elf.dir/Drivers/STM32F0xx_HAL_Driver/Src/stm32f0xx_hal_cortex.c.obj
                0x08002a30                HAL_NVIC_DisableIRQ
 .text.HAL_SYSTICK_Config
                0x08002a50       0x38 CMakeFiles/ECG_Sample.elf.dir/Drivers/STM32F0xx_HAL_Driver/Src/stm32f0xx_hal_cortex.c.obj
                0x08002a50                HAL_SYSTICK_Config
 .text.DMA_SetConfig
                0x08002a88       0x2a CMakeFiles/ECG_Sample.elf.dir/Drivers/STM32F0xx_HAL_Driver/Src/stm32f0xx_hal_dma.c.obj
 *fill*         0x08002ab2        0x2 
 .text.DMA_CalcBaseAndBitshift
                0x08002ab4       0x24 CMakeFiles/ECG_Sample.elf.dir/Drivers/STM32F0xx_HAL_Driver/Src/stm32f0xx_hal_dma.c.obj
 .text.HAL_DMA_Init
                0x08002ad8       0x50 CMakeFiles/ECG_Sample.elf.dir/Drivers/STM32F0xx_HAL_Driver/Src/stm32f0xx_hal_dma.c.obj
                0x08002ad8                HAL_DMA_Init
 .text.HAL_DMA_Start_IT
                0x08002b28       0x76 CMakeFiles/ECG_Sample.elf.dir/Drivers/STM32F0xx_HAL_Driver/Src/stm32f0xx_hal_dma.c.obj
                0x08002b28                HAL_DMA_Start_IT
 .text.HAL_DMA_Abort
                0x08002b9e       0x44 CMakeFiles/ECG_Sample.elf.dir/Drivers/STM32F0xx_HAL_Driver/Src/stm32f0xx_hal_dma.c.obj
                0x08002b9e                HAL_DMA_Abort
 .text.HAL_DMA_Abort_IT
                0x08002be2       0x4a CMakeFiles/ECG_Sample.elf.dir/Drivers/STM32F0xx_HAL_Driver/Src/stm32f0xx_hal_dma.c.obj
                0x08002be2                HAL_DMA_Abort_IT
 .text.HAL_DMA_IRQHandler
                0x08002c2c       0xaa CMakeFiles/ECG_Sample.elf.dir/Drivers/STM32F0xx_HAL_Driver/Src/stm32f0xx_hal_dma.c.obj
                0x08002c2c                HAL_DMA_IRQHandler
 *fill*         0x08002cd6        0x2 
 .text.HAL_GPIO_Init
                0x08002cd8      0x18c CMakeFiles/ECG_Sample.elf.dir/Drivers/STM32F0xx_HAL_Driver/Src/stm32f0xx_hal_gpio.c.obj
                0x08002cd8                HAL_GPIO_Init
 .text.HAL_GPIO_WritePin
                0x08002e64        0xc CMakeFiles/ECG_Sample.elf.dir/Drivers/STM32F0xx_HAL_Driver/Src/stm32f0xx_hal_gpio.c.obj
                0x08002e64                HAL_GPIO_WritePin
 .text.HAL_GPIO_EXTI_IRQHandler
                0x08002e70       0x1c CMakeFiles/ECG_Sample.elf.dir/Drivers/STM32F0xx_HAL_Driver/Src/stm32f0xx_hal_gpio.c.obj
                0x08002e70                HAL_GPIO_EXTI_IRQHandler
 .text.HAL_RCC_OscConfig
                0x08002e8c      0x49c CMakeFiles/ECG_Sample.elf.dir/Drivers/STM32F0xx_HAL_Driver/Src/stm32f0xx_hal_rcc.c.obj
                0x08002e8c                HAL_RCC_OscConfig
 .text.HAL_RCC_GetSysClockFreq
                0x08003328       0x70 CMakeFiles/ECG_Sample.elf.dir/Drivers/STM32F0xx_HAL_Driver/Src/stm32f0xx_hal_rcc.c.obj
                0x08003328                HAL_RCC_GetSysClockFreq
 .text.HAL_RCC_ClockConfig
                0x08003398      0x134 CMakeFiles/ECG_Sample.elf.dir/Drivers/STM32F0xx_HAL_Driver/Src/stm32f0xx_hal_rcc.c.obj
                0x08003398                HAL_RCC_ClockConfig
 .text.HAL_RCC_GetHCLKFreq
                0x080034cc        0xc CMakeFiles/ECG_Sample.elf.dir/Drivers/STM32F0xx_HAL_Driver/Src/stm32f0xx_hal_rcc.c.obj
                0x080034cc                HAL_RCC_GetHCLKFreq
 .text.HAL_RCC_GetPCLK1Freq
                0x080034d8       0x20 CMakeFiles/ECG_Sample.elf.dir/Drivers/STM32F0xx_HAL_Driver/Src/stm32f0xx_hal_rcc.c.obj
                0x080034d8                HAL_RCC_GetPCLK1Freq
 .text.HAL_RCCEx_PeriphCLKConfig
                0x080034f8      0x11c CMakeFiles/ECG_Sample.elf.dir/Drivers/STM32F0xx_HAL_Driver/Src/stm32f0xx_hal_rcc_ex.c.obj
                0x080034f8                HAL_RCCEx_PeriphCLKConfig
 .text.SPI_WaitFlagStateUntilTimeout
                0x08003614       0xe8 CMakeFiles/ECG_Sample.elf.dir/Drivers/STM32F0xx_HAL_Driver/Src/stm32f0xx_hal_spi.c.obj
 .text.SPI_WaitFifoStateUntilTimeout
                0x080036fc      0x114 CMakeFiles/ECG_Sample.elf.dir/Drivers/STM32F0xx_HAL_Driver/Src/stm32f0xx_hal_spi.c.obj
 .text.SPI_EndRxTxTransaction
                0x08003810       0x68 CMakeFiles/ECG_Sample.elf.dir/Drivers/STM32F0xx_HAL_Driver/Src/stm32f0xx_hal_spi.c.obj
 .text.SPI_EndRxTransaction
                0x08003878       0x90 CMakeFiles/ECG_Sample.elf.dir/Drivers/STM32F0xx_HAL_Driver/Src/stm32f0xx_hal_spi.c.obj
 .text.HAL_SPI_Init
                0x08003908      0x104 CMakeFiles/ECG_Sample.elf.dir/Drivers/STM32F0xx_HAL_Driver/Src/stm32f0xx_hal_spi.c.obj
                0x08003908                HAL_SPI_Init
 .text.HAL_SPI_Transmit
                0x08003a0c      0x1b2 CMakeFiles/ECG_Sample.elf.dir/Drivers/STM32F0xx_HAL_Driver/Src/stm32f0xx_hal_spi.c.obj
                0x08003a0c                HAL_SPI_Transmit
 *fill*         0x08003bbe        0x2 
 .text.HAL_SPI_TransmitReceive
                0x08003bc0      0x250 CMakeFiles/ECG_Sample.elf.dir/Drivers/STM32F0xx_HAL_Driver/Src/stm32f0xx_hal_spi.c.obj
                0x08003bc0                HAL_SPI_TransmitReceive
 .text.HAL_SPI_Receive
                0x08003e10      0x1ac CMakeFiles/ECG_Sample.elf.dir/Drivers/STM32F0xx_HAL_Driver/Src/stm32f0xx_hal_spi.c.obj
                0x08003e10                HAL_SPI_Receive
 .text.TIM_Base_SetConfig
                0x08003fbc       0x94 CMakeFiles/ECG_Sample.elf.dir/Drivers/STM32F0xx_HAL_Driver/Src/stm32f0xx_hal_tim.c.obj
                0x08003fbc                TIM_Base_SetConfig
 .text.HAL_TIM_Base_Init
                0x08004050       0x58 CMakeFiles/ECG_Sample.elf.dir/Drivers/STM32F0xx_HAL_Driver/Src/stm32f0xx_hal_tim.c.obj
                0x08004050                HAL_TIM_Base_Init
 .text.UART_EndTxTransfer
                0x080040a8       0x20 CMakeFiles/ECG_Sample.elf.dir/Drivers/STM32F0xx_HAL_Driver/Src/stm32f0xx_hal_uart.c.obj
 .text.UART_EndRxTransfer
                0x080040c8       0x60 CMakeFiles/ECG_Sample.elf.dir/Drivers/STM32F0xx_HAL_Driver/Src/stm32f0xx_hal_uart.c.obj
 .text.HAL_UART_Transmit_DMA
                0x08004128       0xd4 CMakeFiles/ECG_Sample.elf.dir/Drivers/STM32F0xx_HAL_Driver/Src/stm32f0xx_hal_uart.c.obj
                0x08004128                HAL_UART_Transmit_DMA
 .text.HAL_UART_TxCpltCallback
                0x080041fc        0x2 CMakeFiles/ECG_Sample.elf.dir/Drivers/STM32F0xx_HAL_Driver/Src/stm32f0xx_hal_uart.c.obj
                0x080041fc                HAL_UART_TxCpltCallback
 .text.UART_DMATransmitCplt
                0x080041fe       0x48 CMakeFiles/ECG_Sample.elf.dir/Drivers/STM32F0xx_HAL_Driver/Src/stm32f0xx_hal_uart.c.obj
 .text.UART_EndTransmit_IT
                0x08004246       0x28 CMakeFiles/ECG_Sample.elf.dir/Drivers/STM32F0xx_HAL_Driver/Src/stm32f0xx_hal_uart.c.obj
 .text.HAL_UART_TxHalfCpltCallback
                0x0800426e        0x2 CMakeFiles/ECG_Sample.elf.dir/Drivers/STM32F0xx_HAL_Driver/Src/stm32f0xx_hal_uart.c.obj
                0x0800426e                HAL_UART_TxHalfCpltCallback
 .text.UART_DMATxHalfCplt
                0x08004270        0xa CMakeFiles/ECG_Sample.elf.dir/Drivers/STM32F0xx_HAL_Driver/Src/stm32f0xx_hal_uart.c.obj
 .text.HAL_UART_ErrorCallback
                0x0800427a        0x2 CMakeFiles/ECG_Sample.elf.dir/Drivers/STM32F0xx_HAL_Driver/Src/stm32f0xx_hal_uart.c.obj
                0x0800427a                HAL_UART_ErrorCallback
 .text.UART_DMAError
                0x0800427c       0x4e CMakeFiles/ECG_Sample.elf.dir/Drivers/STM32F0xx_HAL_Driver/Src/stm32f0xx_hal_uart.c.obj
 .text.UART_DMAAbortOnError
                0x080042ca       0x14 CMakeFiles/ECG_Sample.elf.dir/Drivers/STM32F0xx_HAL_Driver/Src/stm32f0xx_hal_uart.c.obj
 *fill*         0x080042de        0x2 
 .text.HAL_UART_IRQHandler
                0x080042e0      0x2b4 CMakeFiles/ECG_Sample.elf.dir/Drivers/STM32F0xx_HAL_Driver/Src/stm32f0xx_hal_uart.c.obj
                0x080042e0                HAL_UART_IRQHandler
 .text.UART_SetConfig
                0x08004594      0x17c CMakeFiles/ECG_Sample.elf.dir/Drivers/STM32F0xx_HAL_Driver/Src/stm32f0xx_hal_uart.c.obj
                0x08004594                UART_SetConfig
 .text.UART_AdvFeatureConfig
                0x08004710       0xe0 CMakeFiles/ECG_Sample.elf.dir/Drivers/STM32F0xx_HAL_Driver/Src/stm32f0xx_hal_uart.c.obj
                0x08004710                UART_AdvFeatureConfig
 .text.UART_WaitOnFlagUntilTimeout
                0x080047f0       0xdc CMakeFiles/ECG_Sample.elf.dir/Drivers/STM32F0xx_HAL_Driver/Src/stm32f0xx_hal_uart.c.obj
                0x080047f0                UART_WaitOnFlagUntilTimeout
 .text.HAL_UART_Transmit
                0x080048cc      0x102 CMakeFiles/ECG_Sample.elf.dir/Drivers/STM32F0xx_HAL_Driver/Src/stm32f0xx_hal_uart.c.obj
                0x080048cc                HAL_UART_Transmit
 *fill*         0x080049ce        0x2 
 .text.UART_CheckIdleState
                0x080049d0       0x70 CMakeFiles/ECG_Sample.elf.dir/Drivers/STM32F0xx_HAL_Driver/Src/stm32f0xx_hal_uart.c.obj
                0x080049d0                UART_CheckIdleState
 .text.HAL_UART_Init
                0x08004a40       0x6c CMakeFiles/ECG_Sample.elf.dir/Drivers/STM32F0xx_HAL_Driver/Src/stm32f0xx_hal_uart.c.obj
                0x08004a40                HAL_UART_Init
 .text.delay_us
                0x08004aac       0x40 CMakeFiles/ECG_Sample.elf.dir/Hardware/ads1292.c.obj
                0x08004aac                delay_us
 .text.Get_Voltage
                0x08004aec        0x6 CMakeFiles/ECG_Sample.elf.dir/Hardware/ads1292.c.obj
                0x08004aec                Get_Voltage
 *fill*         0x08004af2        0x2 
 .text.ADS1292_Set_RegBuff
                0x08004af4      0x184 CMakeFiles/ECG_Sample.elf.dir/Hardware/ads1292.c.obj
                0x08004af4                ADS1292_Set_RegBuff
 .text.ADS1292_Send_CMD
                0x08004c78       0x38 CMakeFiles/ECG_Sample.elf.dir/Hardware/ads1292.c.obj
                0x08004c78                ADS1292_Send_CMD
 .text.ADS1292_ReadData
                0x08004cb0       0x48 CMakeFiles/ECG_Sample.elf.dir/Hardware/ads1292.c.obj
                0x08004cb0                ADS1292_ReadData
 .text.ADS1292_WriteRead_REGS
                0x08004cf8       0x88 CMakeFiles/ECG_Sample.elf.dir/Hardware/ads1292.c.obj
                0x08004cf8                ADS1292_WriteRead_REGS
 .text.ADS1292_Write_RegBuff
                0x08004d80      0x150 CMakeFiles/ECG_Sample.elf.dir/Hardware/ads1292.c.obj
                0x08004d80                ADS1292_Write_RegBuff
 .text.ADS1292_PowerOnInit
                0x08004ed0       0x8c CMakeFiles/ECG_Sample.elf.dir/Hardware/ads1292.c.obj
                0x08004ed0                ADS1292_PowerOnInit
 .text.ADS1292_Single_Test
                0x08004f5c       0x34 CMakeFiles/ECG_Sample.elf.dir/Hardware/ads1292.c.obj
                0x08004f5c                ADS1292_Single_Test
 .text.ADS1292_Noise_Test
                0x08004f90       0x34 CMakeFiles/ECG_Sample.elf.dir/Hardware/ads1292.c.obj
                0x08004f90                ADS1292_Noise_Test
 .text.ADS1292_Single_Read
                0x08004fc4       0x30 CMakeFiles/ECG_Sample.elf.dir/Hardware/ads1292.c.obj
                0x08004fc4                ADS1292_Single_Read
 .text.Set_ADS1292_Collect
                0x08004ff4       0x6c CMakeFiles/ECG_Sample.elf.dir/Hardware/ads1292.c.obj
                0x08004ff4                Set_ADS1292_Collect
 .text.__errno  0x08005060        0xc d:/program files/gnu arm embedded toolchain/10 2021.10/bin/../lib/gcc/arm-none-eabi/10.3.1/../../../../arm-none-eabi/lib/thumb/v6-m/nofp\libg.a(lib_a-errno.o)
                0x08005060                __errno
 .text.__libc_init_array
                0x0800506c       0x44 d:/program files/gnu arm embedded toolchain/10 2021.10/bin/../lib/gcc/arm-none-eabi/10.3.1/../../../../arm-none-eabi/lib/thumb/v6-m/nofp\libg.a(lib_a-init.o)
                0x0800506c                __libc_init_array
 .text.memset   0x080050b0       0xa8 d:/program files/gnu arm embedded toolchain/10 2021.10/bin/../lib/gcc/arm-none-eabi/10.3.1/../../../../arm-none-eabi/lib/thumb/v6-m/nofp\libg.a(lib_a-memset.o)
                0x080050b0                memset
 .text.sprintf  0x08005158       0x40 d:/program files/gnu arm embedded toolchain/10 2021.10/bin/../lib/gcc/arm-none-eabi/10.3.1/../../../../arm-none-eabi/lib/thumb/v6-m/nofp\libg.a(lib_a-sprintf.o)
                0x08005158                sprintf
 .text.strlen   0x08005198       0x5c d:/program files/gnu arm embedded toolchain/10 2021.10/bin/../lib/gcc/arm-none-eabi/10.3.1/../../../../arm-none-eabi/lib/thumb/v6-m/nofp\libg.a(lib_a-strlen-stub.o)
                0x08005198                strlen
 .text.strncmp  0x080051f4       0x74 d:/program files/gnu arm embedded toolchain/10 2021.10/bin/../lib/gcc/arm-none-eabi/10.3.1/../../../../arm-none-eabi/lib/thumb/v6-m/nofp\libg.a(lib_a-strncmp.o)
                0x080051f4                strncmp
 .text._svfprintf_r
                0x08005268     0x1bd4 d:/program files/gnu arm embedded toolchain/10 2021.10/bin/../lib/gcc/arm-none-eabi/10.3.1/../../../../arm-none-eabi/lib/thumb/v6-m/nofp\libg.a(lib_a-svfprintf.o)
                0x08005268                _svfprintf_r
 .text.startup.register_fini
                0x08006e3c       0x18 d:/program files/gnu arm embedded toolchain/10 2021.10/bin/../lib/gcc/arm-none-eabi/10.3.1/../../../../arm-none-eabi/lib/thumb/v6-m/nofp\libg.a(lib_a-__call_atexit.o)
 .text.atexit   0x08006e54       0x10 d:/program files/gnu arm embedded toolchain/10 2021.10/bin/../lib/gcc/arm-none-eabi/10.3.1/../../../../arm-none-eabi/lib/thumb/v6-m/nofp\libg.a(lib_a-atexit.o)
                0x08006e54                atexit
 .text.quorem   0x08006e64      0x148 d:/program files/gnu arm embedded toolchain/10 2021.10/bin/../lib/gcc/arm-none-eabi/10.3.1/../../../../arm-none-eabi/lib/thumb/v6-m/nofp\libg.a(lib_a-dtoa.o)
 .text._dtoa_r  0x08006fac      0xfbc d:/program files/gnu arm embedded toolchain/10 2021.10/bin/../lib/gcc/arm-none-eabi/10.3.1/../../../../arm-none-eabi/lib/thumb/v6-m/nofp\libg.a(lib_a-dtoa.o)
                0x08006fac                _dtoa_r
 .text.__libc_fini_array
                0x08007f68       0x28 d:/program files/gnu arm embedded toolchain/10 2021.10/bin/../lib/gcc/arm-none-eabi/10.3.1/../../../../arm-none-eabi/lib/thumb/v6-m/nofp\libg.a(lib_a-fini.o)
                0x08007f68                __libc_fini_array
 .text._malloc_trim_r
                0x08007f90       0x9c d:/program files/gnu arm embedded toolchain/10 2021.10/bin/../lib/gcc/arm-none-eabi/10.3.1/../../../../arm-none-eabi/lib/thumb/v6-m/nofp\libg.a(lib_a-freer.o)
                0x08007f90                _malloc_trim_r
 .text._free_r  0x0800802c      0x1c4 d:/program files/gnu arm embedded toolchain/10 2021.10/bin/../lib/gcc/arm-none-eabi/10.3.1/../../../../arm-none-eabi/lib/thumb/v6-m/nofp\libg.a(lib_a-freer.o)
                0x0800802c                _free_r
 .text._localeconv_r
                0x080081f0        0x8 d:/program files/gnu arm embedded toolchain/10 2021.10/bin/../lib/gcc/arm-none-eabi/10.3.1/../../../../arm-none-eabi/lib/thumb/v6-m/nofp\libg.a(lib_a-localeconv.o)
                0x080081f0                _localeconv_r
 .text.__retarget_lock_init_recursive
                0x080081f8        0x4 d:/program files/gnu arm embedded toolchain/10 2021.10/bin/../lib/gcc/arm-none-eabi/10.3.1/../../../../arm-none-eabi/lib/thumb/v6-m/nofp\libg.a(lib_a-lock.o)
                0x080081f8                __retarget_lock_init_recursive
 .text.__retarget_lock_close_recursive
                0x080081fc        0x4 d:/program files/gnu arm embedded toolchain/10 2021.10/bin/../lib/gcc/arm-none-eabi/10.3.1/../../../../arm-none-eabi/lib/thumb/v6-m/nofp\libg.a(lib_a-lock.o)
                0x080081fc                __retarget_lock_close_recursive
 .text.__retarget_lock_acquire_recursive
                0x08008200        0x4 d:/program files/gnu arm embedded toolchain/10 2021.10/bin/../lib/gcc/arm-none-eabi/10.3.1/../../../../arm-none-eabi/lib/thumb/v6-m/nofp\libg.a(lib_a-lock.o)
                0x08008200                __retarget_lock_acquire_recursive
 .text.__retarget_lock_release_recursive
                0x08008204        0x4 d:/program files/gnu arm embedded toolchain/10 2021.10/bin/../lib/gcc/arm-none-eabi/10.3.1/../../../../arm-none-eabi/lib/thumb/v6-m/nofp\libg.a(lib_a-lock.o)
                0x08008204                __retarget_lock_release_recursive
 .text._malloc_r
                0x08008208      0x584 d:/program files/gnu arm embedded toolchain/10 2021.10/bin/../lib/gcc/arm-none-eabi/10.3.1/../../../../arm-none-eabi/lib/thumb/v6-m/nofp\libg.a(lib_a-mallocr.o)
                0x08008208                _malloc_r
 .text.memchr   0x0800878c       0x74 d:/program files/gnu arm embedded toolchain/10 2021.10/bin/../lib/gcc/arm-none-eabi/10.3.1/../../../../arm-none-eabi/lib/thumb/v6-m/nofp\libg.a(lib_a-memchr-stub.o)
                0x0800878c                memchr
 .text.memcpy   0x08008800       0xa4 d:/program files/gnu arm embedded toolchain/10 2021.10/bin/../lib/gcc/arm-none-eabi/10.3.1/../../../../arm-none-eabi/lib/thumb/v6-m/nofp\libg.a(lib_a-memcpy-stub.o)
                0x08008800                memcpy
 .text.__malloc_lock
                0x080088a4       0x10 d:/program files/gnu arm embedded toolchain/10 2021.10/bin/../lib/gcc/arm-none-eabi/10.3.1/../../../../arm-none-eabi/lib/thumb/v6-m/nofp\libg.a(lib_a-mlock.o)
                0x080088a4                __malloc_lock
 .text.__malloc_unlock
                0x080088b4       0x10 d:/program files/gnu arm embedded toolchain/10 2021.10/bin/../lib/gcc/arm-none-eabi/10.3.1/../../../../arm-none-eabi/lib/thumb/v6-m/nofp\libg.a(lib_a-mlock.o)
                0x080088b4                __malloc_unlock
 .text._Balloc  0x080088c4       0x50 d:/program files/gnu arm embedded toolchain/10 2021.10/bin/../lib/gcc/arm-none-eabi/10.3.1/../../../../arm-none-eabi/lib/thumb/v6-m/nofp\libg.a(lib_a-mprec.o)
                0x080088c4                _Balloc
 .text._Bfree   0x08008914       0x14 d:/program files/gnu arm embedded toolchain/10 2021.10/bin/../lib/gcc/arm-none-eabi/10.3.1/../../../../arm-none-eabi/lib/thumb/v6-m/nofp\libg.a(lib_a-mprec.o)
                0x08008914                _Bfree
 .text.__multadd
                0x08008928       0xa8 d:/program files/gnu arm embedded toolchain/10 2021.10/bin/../lib/gcc/arm-none-eabi/10.3.1/../../../../arm-none-eabi/lib/thumb/v6-m/nofp\libg.a(lib_a-mprec.o)
                0x08008928                __multadd
 .text.__hi0bits
                0x080089d0       0x38 d:/program files/gnu arm embedded toolchain/10 2021.10/bin/../lib/gcc/arm-none-eabi/10.3.1/../../../../arm-none-eabi/lib/thumb/v6-m/nofp\libg.a(lib_a-mprec.o)
                0x080089d0                __hi0bits
 .text.__lo0bits
                0x08008a08       0x5c d:/program files/gnu arm embedded toolchain/10 2021.10/bin/../lib/gcc/arm-none-eabi/10.3.1/../../../../arm-none-eabi/lib/thumb/v6-m/nofp\libg.a(lib_a-mprec.o)
                0x08008a08                __lo0bits
 .text.__i2b    0x08008a64       0x60 d:/program files/gnu arm embedded toolchain/10 2021.10/bin/../lib/gcc/arm-none-eabi/10.3.1/../../../../arm-none-eabi/lib/thumb/v6-m/nofp\libg.a(lib_a-mprec.o)
                0x08008a64                __i2b
 .text.__multiply
                0x08008ac4      0x1a4 d:/program files/gnu arm embedded toolchain/10 2021.10/bin/../lib/gcc/arm-none-eabi/10.3.1/../../../../arm-none-eabi/lib/thumb/v6-m/nofp\libg.a(lib_a-mprec.o)
                0x08008ac4                __multiply
 .text.__pow5mult
                0x08008c68       0xd8 d:/program files/gnu arm embedded toolchain/10 2021.10/bin/../lib/gcc/arm-none-eabi/10.3.1/../../../../arm-none-eabi/lib/thumb/v6-m/nofp\libg.a(lib_a-mprec.o)
                0x08008c68                __pow5mult
 .text.__lshift
                0x08008d40       0xfc d:/program files/gnu arm embedded toolchain/10 2021.10/bin/../lib/gcc/arm-none-eabi/10.3.1/../../../../arm-none-eabi/lib/thumb/v6-m/nofp\libg.a(lib_a-mprec.o)
                0x08008d40                __lshift
 .text.__mcmp   0x08008e3c       0x34 d:/program files/gnu arm embedded toolchain/10 2021.10/bin/../lib/gcc/arm-none-eabi/10.3.1/../../../../arm-none-eabi/lib/thumb/v6-m/nofp\libg.a(lib_a-mprec.o)
                0x08008e3c                __mcmp
 .text.__mdiff  0x08008e70      0x18c d:/program files/gnu arm embedded toolchain/10 2021.10/bin/../lib/gcc/arm-none-eabi/10.3.1/../../../../arm-none-eabi/lib/thumb/v6-m/nofp\libg.a(lib_a-mprec.o)
                0x08008e70                __mdiff
 .text.__d2b    0x08008ffc       0xd8 d:/program files/gnu arm embedded toolchain/10 2021.10/bin/../lib/gcc/arm-none-eabi/10.3.1/../../../../arm-none-eabi/lib/thumb/v6-m/nofp\libg.a(lib_a-mprec.o)
                0x08008ffc                __d2b
 .text.frexp    0x080090d4       0x64 d:/program files/gnu arm embedded toolchain/10 2021.10/bin/../lib/gcc/arm-none-eabi/10.3.1/../../../../arm-none-eabi/lib/thumb/v6-m/nofp\libg.a(lib_a-s_frexp.o)
                0x080090d4                frexp
 .text._sbrk_r  0x08009138       0x24 d:/program files/gnu arm embedded toolchain/10 2021.10/bin/../lib/gcc/arm-none-eabi/10.3.1/../../../../arm-none-eabi/lib/thumb/v6-m/nofp\libg.a(lib_a-sbrkr.o)
                0x08009138                _sbrk_r
 .text.strncpy  0x0800915c       0x6c d:/program files/gnu arm embedded toolchain/10 2021.10/bin/../lib/gcc/arm-none-eabi/10.3.1/../../../../arm-none-eabi/lib/thumb/v6-m/nofp\libg.a(lib_a-strncpy.o)
                0x0800915c                strncpy
 .text.__ssprint_r
                0x080091c8      0x114 d:/program files/gnu arm embedded toolchain/10 2021.10/bin/../lib/gcc/arm-none-eabi/10.3.1/../../../../arm-none-eabi/lib/thumb/v6-m/nofp\libg.a(lib_a-svfiprintf.o)
                0x080091c8                __ssprint_r
 .text.__register_exitproc
                0x080092dc       0xac d:/program files/gnu arm embedded toolchain/10 2021.10/bin/../lib/gcc/arm-none-eabi/10.3.1/../../../../arm-none-eabi/lib/thumb/v6-m/nofp\libg.a(lib_a-__atexit.o)
                0x080092dc                __register_exitproc
 .text.__assert_func
                0x08009388       0x40 d:/program files/gnu arm embedded toolchain/10 2021.10/bin/../lib/gcc/arm-none-eabi/10.3.1/../../../../arm-none-eabi/lib/thumb/v6-m/nofp\libg.a(lib_a-assert.o)
                0x08009388                __assert_func
 .text._calloc_r
                0x080093c8       0x9c d:/program files/gnu arm embedded toolchain/10 2021.10/bin/../lib/gcc/arm-none-eabi/10.3.1/../../../../arm-none-eabi/lib/thumb/v6-m/nofp\libg.a(lib_a-callocr.o)
                0x080093c8                _calloc_r
 .text.fiprintf
                0x08009464       0x24 d:/program files/gnu arm embedded toolchain/10 2021.10/bin/../lib/gcc/arm-none-eabi/10.3.1/../../../../arm-none-eabi/lib/thumb/v6-m/nofp\libg.a(lib_a-fiprintf.o)
                0x08009464                fiprintf
 .text.__locale_mb_cur_max
                0x08009488       0x10 d:/program files/gnu arm embedded toolchain/10 2021.10/bin/../lib/gcc/arm-none-eabi/10.3.1/../../../../arm-none-eabi/lib/thumb/v6-m/nofp\libg.a(lib_a-locale.o)
                0x08009488                __locale_mb_cur_max
 .text.__ascii_mbtowc
                0x08009498       0x2c d:/program files/gnu arm embedded toolchain/10 2021.10/bin/../lib/gcc/arm-none-eabi/10.3.1/../../../../arm-none-eabi/lib/thumb/v6-m/nofp\libg.a(lib_a-mbtowc_r.o)
                0x08009498                __ascii_mbtowc
 .text.memmove  0x080094c4       0xac d:/program files/gnu arm embedded toolchain/10 2021.10/bin/../lib/gcc/arm-none-eabi/10.3.1/../../../../arm-none-eabi/lib/thumb/v6-m/nofp\libg.a(lib_a-memmove.o)
                0x080094c4                memmove
 .text._realloc_r
                0x08009570      0x354 d:/program files/gnu arm embedded toolchain/10 2021.10/bin/../lib/gcc/arm-none-eabi/10.3.1/../../../../arm-none-eabi/lib/thumb/v6-m/nofp\libg.a(lib_a-reallocr.o)
                0x08009570                _realloc_r
 .text.__sprint_r.part.0
                0x080098c4       0x88 d:/program files/gnu arm embedded toolchain/10 2021.10/bin/../lib/gcc/arm-none-eabi/10.3.1/../../../../arm-none-eabi/lib/thumb/v6-m/nofp\libg.a(lib_a-vfiprintf.o)
 .text._vfiprintf_r
                0x0800994c      0xdb8 d:/program files/gnu arm embedded toolchain/10 2021.10/bin/../lib/gcc/arm-none-eabi/10.3.1/../../../../arm-none-eabi/lib/thumb/v6-m/nofp\libg.a(lib_a-vfiprintf.o)
                0x0800994c                _vfiprintf_r
 .text.__sbprintf
                0x0800a704       0x8c d:/program files/gnu arm embedded toolchain/10 2021.10/bin/../lib/gcc/arm-none-eabi/10.3.1/../../../../arm-none-eabi/lib/thumb/v6-m/nofp\libg.a(lib_a-vfiprintf.o)
 .text.__ascii_wctomb
                0x0800a790       0x1c d:/program files/gnu arm embedded toolchain/10 2021.10/bin/../lib/gcc/arm-none-eabi/10.3.1/../../../../arm-none-eabi/lib/thumb/v6-m/nofp\libg.a(lib_a-wctomb_r.o)
                0x0800a790                __ascii_wctomb
 .text.__swsetup_r
                0x0800a7ac       0xdc d:/program files/gnu arm embedded toolchain/10 2021.10/bin/../lib/gcc/arm-none-eabi/10.3.1/../../../../arm-none-eabi/lib/thumb/v6-m/nofp\libg.a(lib_a-wsetup.o)
                0x0800a7ac                __swsetup_r
 .text.abort    0x0800a888       0x10 d:/program files/gnu arm embedded toolchain/10 2021.10/bin/../lib/gcc/arm-none-eabi/10.3.1/../../../../arm-none-eabi/lib/thumb/v6-m/nofp\libg.a(lib_a-abort.o)
                0x0800a888                abort
 .text.__sflush_r
                0x0800a898      0x140 d:/program files/gnu arm embedded toolchain/10 2021.10/bin/../lib/gcc/arm-none-eabi/10.3.1/../../../../arm-none-eabi/lib/thumb/v6-m/nofp\libg.a(lib_a-fflush.o)
                0x0800a898                __sflush_r
 .text._fflush_r
                0x0800a9d8       0x6c d:/program files/gnu arm embedded toolchain/10 2021.10/bin/../lib/gcc/arm-none-eabi/10.3.1/../../../../arm-none-eabi/lib/thumb/v6-m/nofp\libg.a(lib_a-fflush.o)
                0x0800a9d8                _fflush_r
 .text._cleanup_r
                0x0800aa44       0x10 d:/program files/gnu arm embedded toolchain/10 2021.10/bin/../lib/gcc/arm-none-eabi/10.3.1/../../../../arm-none-eabi/lib/thumb/v6-m/nofp\libg.a(lib_a-findfp.o)
                0x0800aa44                _cleanup_r
 .text.__sinit  0x0800aa54      0x120 d:/program files/gnu arm embedded toolchain/10 2021.10/bin/../lib/gcc/arm-none-eabi/10.3.1/../../../../arm-none-eabi/lib/thumb/v6-m/nofp\libg.a(lib_a-findfp.o)
                0x0800aa54                __sinit
 .text.__sfp_lock_acquire
                0x0800ab74       0x10 d:/program files/gnu arm embedded toolchain/10 2021.10/bin/../lib/gcc/arm-none-eabi/10.3.1/../../../../arm-none-eabi/lib/thumb/v6-m/nofp\libg.a(lib_a-findfp.o)
                0x0800ab74                __sfp_lock_acquire
 .text.__sfp_lock_release
                0x0800ab84       0x10 d:/program files/gnu arm embedded toolchain/10 2021.10/bin/../lib/gcc/arm-none-eabi/10.3.1/../../../../arm-none-eabi/lib/thumb/v6-m/nofp\libg.a(lib_a-findfp.o)
                0x0800ab84                __sfp_lock_release
 .text.__fputwc
                0x0800ab94       0x98 d:/program files/gnu arm embedded toolchain/10 2021.10/bin/../lib/gcc/arm-none-eabi/10.3.1/../../../../arm-none-eabi/lib/thumb/v6-m/nofp\libg.a(lib_a-fputwc.o)
                0x0800ab94                __fputwc
 .text._fputwc_r
                0x0800ac2c       0x5c d:/program files/gnu arm embedded toolchain/10 2021.10/bin/../lib/gcc/arm-none-eabi/10.3.1/../../../../arm-none-eabi/lib/thumb/v6-m/nofp\libg.a(lib_a-fputwc.o)
                0x0800ac2c                _fputwc_r
 .text.__sfvwrite_r
                0x0800ac88      0x2f4 d:/program files/gnu arm embedded toolchain/10 2021.10/bin/../lib/gcc/arm-none-eabi/10.3.1/../../../../arm-none-eabi/lib/thumb/v6-m/nofp\libg.a(lib_a-fvwrite.o)
                0x0800ac88                __sfvwrite_r
 .text._fwalk_reent
                0x0800af7c       0x48 d:/program files/gnu arm embedded toolchain/10 2021.10/bin/../lib/gcc/arm-none-eabi/10.3.1/../../../../arm-none-eabi/lib/thumb/v6-m/nofp\libg.a(lib_a-fwalk.o)
                0x0800af7c                _fwalk_reent
 .text.__smakebuf_r
                0x0800afc4       0xe4 d:/program files/gnu arm embedded toolchain/10 2021.10/bin/../lib/gcc/arm-none-eabi/10.3.1/../../../../arm-none-eabi/lib/thumb/v6-m/nofp\libg.a(lib_a-makebuf.o)
                0x0800afc4                __smakebuf_r
 .text.raise    0x0800b0a8       0x60 d:/program files/gnu arm embedded toolchain/10 2021.10/bin/../lib/gcc/arm-none-eabi/10.3.1/../../../../arm-none-eabi/lib/thumb/v6-m/nofp\libg.a(lib_a-signal.o)
                0x0800b0a8                raise
 .text._kill_r  0x0800b108       0x28 d:/program files/gnu arm embedded toolchain/10 2021.10/bin/../lib/gcc/arm-none-eabi/10.3.1/../../../../arm-none-eabi/lib/thumb/v6-m/nofp\libg.a(lib_a-signalr.o)
                0x0800b108                _kill_r
 .text._getpid_r
                0x0800b130        0x8 d:/program files/gnu arm embedded toolchain/10 2021.10/bin/../lib/gcc/arm-none-eabi/10.3.1/../../../../arm-none-eabi/lib/thumb/v6-m/nofp\libg.a(lib_a-signalr.o)
                0x0800b130                _getpid_r
 .text.__sread  0x0800b138       0x28 d:/program files/gnu arm embedded toolchain/10 2021.10/bin/../lib/gcc/arm-none-eabi/10.3.1/../../../../arm-none-eabi/lib/thumb/v6-m/nofp\libg.a(lib_a-stdio.o)
                0x0800b138                __sread
 .text.__swrite
                0x0800b160       0x40 d:/program files/gnu arm embedded toolchain/10 2021.10/bin/../lib/gcc/arm-none-eabi/10.3.1/../../../../arm-none-eabi/lib/thumb/v6-m/nofp\libg.a(lib_a-stdio.o)
                0x0800b160                __swrite
 .text.__sseek  0x0800b1a0       0x2c d:/program files/gnu arm embedded toolchain/10 2021.10/bin/../lib/gcc/arm-none-eabi/10.3.1/../../../../arm-none-eabi/lib/thumb/v6-m/nofp\libg.a(lib_a-stdio.o)
                0x0800b1a0                __sseek
 .text.__sclose
                0x0800b1cc        0xc d:/program files/gnu arm embedded toolchain/10 2021.10/bin/../lib/gcc/arm-none-eabi/10.3.1/../../../../arm-none-eabi/lib/thumb/v6-m/nofp\libg.a(lib_a-stdio.o)
                0x0800b1cc                __sclose
 .text.__swbuf_r
                0x0800b1d8       0xc8 d:/program files/gnu arm embedded toolchain/10 2021.10/bin/../lib/gcc/arm-none-eabi/10.3.1/../../../../arm-none-eabi/lib/thumb/v6-m/nofp\libg.a(lib_a-wbuf.o)
                0x0800b1d8                __swbuf_r
 .text._wcrtomb_r
                0x0800b2a0       0x40 d:/program files/gnu arm embedded toolchain/10 2021.10/bin/../lib/gcc/arm-none-eabi/10.3.1/../../../../arm-none-eabi/lib/thumb/v6-m/nofp\libg.a(lib_a-wcrtomb.o)
                0x0800b2a0                _wcrtomb_r
 .text._write_r
                0x0800b2e0       0x28 d:/program files/gnu arm embedded toolchain/10 2021.10/bin/../lib/gcc/arm-none-eabi/10.3.1/../../../../arm-none-eabi/lib/thumb/v6-m/nofp\libg.a(lib_a-writer.o)
                0x0800b2e0                _write_r
 .text._close_r
                0x0800b308       0x24 d:/program files/gnu arm embedded toolchain/10 2021.10/bin/../lib/gcc/arm-none-eabi/10.3.1/../../../../arm-none-eabi/lib/thumb/v6-m/nofp\libg.a(lib_a-closer.o)
                0x0800b308                _close_r
 .text._fclose_r
                0x0800b32c       0xdc d:/program files/gnu arm embedded toolchain/10 2021.10/bin/../lib/gcc/arm-none-eabi/10.3.1/../../../../arm-none-eabi/lib/thumb/v6-m/nofp\libg.a(lib_a-fclose.o)
                0x0800b32c                _fclose_r
 .text._fstat_r
                0x0800b408       0x28 d:/program files/gnu arm embedded toolchain/10 2021.10/bin/../lib/gcc/arm-none-eabi/10.3.1/../../../../arm-none-eabi/lib/thumb/v6-m/nofp\libg.a(lib_a-fstatr.o)
                0x0800b408                _fstat_r
 .text._isatty_r
                0x0800b430       0x24 d:/program files/gnu arm embedded toolchain/10 2021.10/bin/../lib/gcc/arm-none-eabi/10.3.1/../../../../arm-none-eabi/lib/thumb/v6-m/nofp\libg.a(lib_a-isattyr.o)
                0x0800b430                _isatty_r
 .text._lseek_r
                0x0800b454       0x28 d:/program files/gnu arm embedded toolchain/10 2021.10/bin/../lib/gcc/arm-none-eabi/10.3.1/../../../../arm-none-eabi/lib/thumb/v6-m/nofp\libg.a(lib_a-lseekr.o)
                0x0800b454                _lseek_r
 .text._read_r  0x0800b47c       0x28 d:/program files/gnu arm embedded toolchain/10 2021.10/bin/../lib/gcc/arm-none-eabi/10.3.1/../../../../arm-none-eabi/lib/thumb/v6-m/nofp\libg.a(lib_a-readr.o)
                0x0800b47c                _read_r
 *(.glue_7)
 .glue_7        0x0800b4a4        0x0 linker stubs
 *(.glue_7t)
 .glue_7t       0x0800b4a4        0x0 linker stubs
 *(.eh_frame)
 .eh_frame      0x0800b4a4        0x0 d:/program files/gnu arm embedded toolchain/10 2021.10/bin/../lib/gcc/arm-none-eabi/10.3.1/thumb/v6-m/nofp/crtbegin.o
 *(.init)
 .init          0x0800b4a4        0x4 d:/program files/gnu arm embedded toolchain/10 2021.10/bin/../lib/gcc/arm-none-eabi/10.3.1/thumb/v6-m/nofp/crti.o
                0x0800b4a4                _init
 .init          0x0800b4a8        0x8 d:/program files/gnu arm embedded toolchain/10 2021.10/bin/../lib/gcc/arm-none-eabi/10.3.1/thumb/v6-m/nofp/crtn.o
 *(.fini)
 .fini          0x0800b4b0        0x4 d:/program files/gnu arm embedded toolchain/10 2021.10/bin/../lib/gcc/arm-none-eabi/10.3.1/thumb/v6-m/nofp/crti.o
                0x0800b4b0                _fini
 .fini          0x0800b4b4        0x8 d:/program files/gnu arm embedded toolchain/10 2021.10/bin/../lib/gcc/arm-none-eabi/10.3.1/thumb/v6-m/nofp/crtn.o
                0x0800b4bc                . = ALIGN (0x4)
                0x0800b4bc                _etext = .

.vfp11_veneer   0x0800b4bc        0x0
 .vfp11_veneer  0x0800b4bc        0x0 linker stubs

.v4_bx          0x0800b4bc        0x0
 .v4_bx         0x0800b4bc        0x0 linker stubs

.iplt           0x0800b4bc        0x0
 .iplt          0x0800b4bc        0x0 d:/program files/gnu arm embedded toolchain/10 2021.10/bin/../lib/gcc/arm-none-eabi/10.3.1/thumb/v6-m/nofp/crtbegin.o

.rodata         0x0800b4c0      0x87c
                0x0800b4c0                . = ALIGN (0x4)
 *(.rodata)
 .rodata        0x0800b4c0       0x3c CMakeFiles/ECG_Sample.elf.dir/Core/Src/main.c.obj
 .rodata        0x0800b4fc       0x40 d:/program files/gnu arm embedded toolchain/10 2021.10/bin/../lib/gcc/arm-none-eabi/10.3.1/thumb/v6-m/nofp\libgcc.a(divdf3.o)
 .rodata        0x0800b53c       0x40 d:/program files/gnu arm embedded toolchain/10 2021.10/bin/../lib/gcc/arm-none-eabi/10.3.1/thumb/v6-m/nofp\libgcc.a(muldf3.o)
 *(.rodata*)
 .rodata.HAL_UARTEx_RxEventCallback.str1.4
                0x0800b57c       0x16 CMakeFiles/ECG_Sample.elf.dir/Core/Src/main.c.obj
 *fill*         0x0800b592        0x2 
 .rodata.main.str1.4
                0x0800b594       0x40 CMakeFiles/ECG_Sample.elf.dir/Core/Src/main.c.obj
                                 0x43 (size before relaxing)
 .rodata.AHBPrescTable
                0x0800b5d4       0x10 CMakeFiles/ECG_Sample.elf.dir/Core/Src/system_stm32f0xx.c.obj
                0x0800b5d4                AHBPrescTable
 .rodata.APBPrescTable
                0x0800b5e4        0x8 CMakeFiles/ECG_Sample.elf.dir/Core/Src/system_stm32f0xx.c.obj
                0x0800b5e4                APBPrescTable
 .rodata.HAL_RCC_GetSysClockFreq.str1.4
                0x0800b5ec       0x25 CMakeFiles/ECG_Sample.elf.dir/Drivers/STM32F0xx_HAL_Driver/Src/stm32f0xx_hal_rcc.c.obj
 *fill*         0x0800b611        0x3 
 .rodata.ADS1292_Write_RegBuff.str1.4
                0x0800b614       0x4f CMakeFiles/ECG_Sample.elf.dir/Hardware/ads1292.c.obj
 *fill*         0x0800b663        0x1 
 .rodata._global_impure_ptr
                0x0800b664        0x4 d:/program files/gnu arm embedded toolchain/10 2021.10/bin/../lib/gcc/arm-none-eabi/10.3.1/../../../../arm-none-eabi/lib/thumb/v6-m/nofp\libg.a(lib_a-impure.o)
                0x0800b664                _global_impure_ptr
 .rodata._svfprintf_r.str1.4
                0x0800b668       0x42 d:/program files/gnu arm embedded toolchain/10 2021.10/bin/../lib/gcc/arm-none-eabi/10.3.1/../../../../arm-none-eabi/lib/thumb/v6-m/nofp\libg.a(lib_a-svfprintf.o)
 *fill*         0x0800b6aa        0x2 
 .rodata._svfprintf_r
                0x0800b6ac      0x16c d:/program files/gnu arm embedded toolchain/10 2021.10/bin/../lib/gcc/arm-none-eabi/10.3.1/../../../../arm-none-eabi/lib/thumb/v6-m/nofp\libg.a(lib_a-svfprintf.o)
 .rodata.blanks.1
                0x0800b818       0x10 d:/program files/gnu arm embedded toolchain/10 2021.10/bin/../lib/gcc/arm-none-eabi/10.3.1/../../../../arm-none-eabi/lib/thumb/v6-m/nofp\libg.a(lib_a-svfprintf.o)
 .rodata.zeroes.0
                0x0800b828       0x10 d:/program files/gnu arm embedded toolchain/10 2021.10/bin/../lib/gcc/arm-none-eabi/10.3.1/../../../../arm-none-eabi/lib/thumb/v6-m/nofp\libg.a(lib_a-svfprintf.o)
 .rodata._dtoa_r.str1.4
                0x0800b838       0xa2 d:/program files/gnu arm embedded toolchain/10 2021.10/bin/../lib/gcc/arm-none-eabi/10.3.1/../../../../arm-none-eabi/lib/thumb/v6-m/nofp\libg.a(lib_a-dtoa.o)
                                 0xa6 (size before relaxing)
 *fill*         0x0800b8da        0x2 
 .rodata.__multadd.str1.4
                0x0800b8dc       0x7f d:/program files/gnu arm embedded toolchain/10 2021.10/bin/../lib/gcc/arm-none-eabi/10.3.1/../../../../arm-none-eabi/lib/thumb/v6-m/nofp\libg.a(lib_a-mprec.o)
                                 0x93 (size before relaxing)
 *fill*         0x0800b95b        0x5 
 .rodata.__mprec_bigtens
                0x0800b960       0x28 d:/program files/gnu arm embedded toolchain/10 2021.10/bin/../lib/gcc/arm-none-eabi/10.3.1/../../../../arm-none-eabi/lib/thumb/v6-m/nofp\libg.a(lib_a-mprec.o)
                0x0800b960                __mprec_bigtens
 .rodata.__mprec_tens
                0x0800b988       0xc8 d:/program files/gnu arm embedded toolchain/10 2021.10/bin/../lib/gcc/arm-none-eabi/10.3.1/../../../../arm-none-eabi/lib/thumb/v6-m/nofp\libg.a(lib_a-mprec.o)
                0x0800b988                __mprec_tens
 .rodata.p05.0  0x0800ba50        0xc d:/program files/gnu arm embedded toolchain/10 2021.10/bin/../lib/gcc/arm-none-eabi/10.3.1/../../../../arm-none-eabi/lib/thumb/v6-m/nofp\libg.a(lib_a-mprec.o)
 .rodata.__assert_func.str1.4
                0x0800ba5c       0x3f d:/program files/gnu arm embedded toolchain/10 2021.10/bin/../lib/gcc/arm-none-eabi/10.3.1/../../../../arm-none-eabi/lib/thumb/v6-m/nofp\libg.a(lib_a-assert.o)
                                 0x43 (size before relaxing)
 *fill*         0x0800ba9b        0x1 
 .rodata._setlocale_r.str1.4
                0x0800ba9c        0xa d:/program files/gnu arm embedded toolchain/10 2021.10/bin/../lib/gcc/arm-none-eabi/10.3.1/../../../../arm-none-eabi/lib/thumb/v6-m/nofp\libg.a(lib_a-locale.o)
                                  0xd (size before relaxing)
 *fill*         0x0800baa6        0x2 
 .rodata.str1.4
                0x0800baa8        0x2 d:/program files/gnu arm embedded toolchain/10 2021.10/bin/../lib/gcc/arm-none-eabi/10.3.1/../../../../arm-none-eabi/lib/thumb/v6-m/nofp\libg.a(lib_a-locale.o)
 .rodata._vfiprintf_r.str1.4
                0x0800baaa       0x2f d:/program files/gnu arm embedded toolchain/10 2021.10/bin/../lib/gcc/arm-none-eabi/10.3.1/../../../../arm-none-eabi/lib/thumb/v6-m/nofp\libg.a(lib_a-vfiprintf.o)
 *fill*         0x0800baaa        0x2 
 .rodata._vfiprintf_r
                0x0800baac      0x16c d:/program files/gnu arm embedded toolchain/10 2021.10/bin/../lib/gcc/arm-none-eabi/10.3.1/../../../../arm-none-eabi/lib/thumb/v6-m/nofp\libg.a(lib_a-vfiprintf.o)
 .rodata.blanks.1
                0x0800bc18       0x10 d:/program files/gnu arm embedded toolchain/10 2021.10/bin/../lib/gcc/arm-none-eabi/10.3.1/../../../../arm-none-eabi/lib/thumb/v6-m/nofp\libg.a(lib_a-vfiprintf.o)
 .rodata.zeroes.0
                0x0800bc28       0x10 d:/program files/gnu arm embedded toolchain/10 2021.10/bin/../lib/gcc/arm-none-eabi/10.3.1/../../../../arm-none-eabi/lib/thumb/v6-m/nofp\libg.a(lib_a-vfiprintf.o)
 .rodata._ctype_
                0x0800bc38      0x101 d:/program files/gnu arm embedded toolchain/10 2021.10/bin/../lib/gcc/arm-none-eabi/10.3.1/../../../../arm-none-eabi/lib/thumb/v6-m/nofp\libg.a(lib_a-ctype_.o)
                0x0800bc38                _ctype_
                0x0800bd3c                . = ALIGN (0x4)
 *fill*         0x0800bd39        0x3 

.ARM.extab      0x0800bd3c        0x0
                0x0800bd3c                . = ALIGN (0x4)
 *(.ARM.extab* .gnu.linkonce.armextab.*)
                0x0800bd3c                . = ALIGN (0x4)

.ARM            0x0800bd3c        0x8
                0x0800bd3c                . = ALIGN (0x4)
                0x0800bd3c                __exidx_start = .
 *(.ARM.exidx*)
 .ARM.exidx     0x0800bd3c        0x8 d:/program files/gnu arm embedded toolchain/10 2021.10/bin/../lib/gcc/arm-none-eabi/10.3.1/thumb/v6-m/nofp\libgcc.a(_udivmoddi4.o)
                0x0800bd44                __exidx_end = .
                0x0800bd44                . = ALIGN (0x4)

.rel.dyn        0x0800bd44        0x0
 .rel.iplt      0x0800bd44        0x0 d:/program files/gnu arm embedded toolchain/10 2021.10/bin/../lib/gcc/arm-none-eabi/10.3.1/thumb/v6-m/nofp/crtbegin.o

.preinit_array  0x0800bd44        0x0
                0x0800bd44                . = ALIGN (0x4)
                0x0800bd44                PROVIDE (__preinit_array_start = .)
 *(.preinit_array*)
                0x0800bd44                PROVIDE (__preinit_array_end = .)
                0x0800bd44                . = ALIGN (0x4)

.init_array     0x0800bd44        0x8
                0x0800bd44                . = ALIGN (0x4)
                0x0800bd44                PROVIDE (__init_array_start = .)
 *(SORT_BY_NAME(.init_array.*))
 .init_array.00000
                0x0800bd44        0x4 d:/program files/gnu arm embedded toolchain/10 2021.10/bin/../lib/gcc/arm-none-eabi/10.3.1/../../../../arm-none-eabi/lib/thumb/v6-m/nofp\libg.a(lib_a-__call_atexit.o)
 *(.init_array*)
 .init_array    0x0800bd48        0x4 d:/program files/gnu arm embedded toolchain/10 2021.10/bin/../lib/gcc/arm-none-eabi/10.3.1/thumb/v6-m/nofp/crtbegin.o
                0x0800bd4c                PROVIDE (__init_array_end = .)
                0x0800bd4c                . = ALIGN (0x4)

.fini_array     0x0800bd4c        0x4
                0x0800bd4c                . = ALIGN (0x4)
                0x0800bd4c                PROVIDE (__fini_array_start = .)
 *(SORT_BY_NAME(.fini_array.*))
 *(.fini_array*)
 .fini_array    0x0800bd4c        0x4 d:/program files/gnu arm embedded toolchain/10 2021.10/bin/../lib/gcc/arm-none-eabi/10.3.1/thumb/v6-m/nofp/crtbegin.o
                0x0800bd50                PROVIDE (__fini_array_end = .)
                0x0800bd50                . = ALIGN (0x4)
                0x0800bd50                _sidata = LOADADDR (.data)

.data           0x20000000      0xa18 load address 0x0800bd50
                0x20000000                . = ALIGN (0x4)
                0x20000000                _sdata = .
 *(.data)
 *(.data*)
 .data.SystemCoreClock
                0x20000000        0x4 CMakeFiles/ECG_Sample.elf.dir/Core/Src/system_stm32f0xx.c.obj
                0x20000000                SystemCoreClock
 .data.uwTickFreq
                0x20000004        0x1 CMakeFiles/ECG_Sample.elf.dir/Drivers/STM32F0xx_HAL_Driver/Src/stm32f0xx_hal.c.obj
                0x20000004                uwTickFreq
 *fill*         0x20000005        0x3 
 .data.uwTickPrio
                0x20000008        0x4 CMakeFiles/ECG_Sample.elf.dir/Drivers/STM32F0xx_HAL_Driver/Src/stm32f0xx_hal.c.obj
                0x20000008                uwTickPrio
 .data.Ads1292_Ch1set
                0x2000000c        0x3 CMakeFiles/ECG_Sample.elf.dir/Hardware/ads1292.c.obj
                0x2000000c                Ads1292_Ch1set
 *fill*         0x2000000f        0x1 
 .data.Ads1292_Config1
                0x20000010        0x1 CMakeFiles/ECG_Sample.elf.dir/Hardware/ads1292.c.obj
                0x20000010                Ads1292_Config1
 *fill*         0x20000011        0x3 
 .data.Ads1292_Config2
                0x20000014        0x5 CMakeFiles/ECG_Sample.elf.dir/Hardware/ads1292.c.obj
                0x20000014                Ads1292_Config2
 *fill*         0x20000019        0x3 
 .data.Ads1292_Loff_Sens
                0x2000001c        0x6 CMakeFiles/ECG_Sample.elf.dir/Hardware/ads1292.c.obj
                0x2000001c                Ads1292_Loff_Sens
 *fill*         0x20000022        0x2 
 .data.Ads1292_Resp1
                0x20000024        0x4 CMakeFiles/ECG_Sample.elf.dir/Hardware/ads1292.c.obj
                0x20000024                Ads1292_Resp1
 .data.Ads1292_Resp2
                0x20000028        0x3 CMakeFiles/ECG_Sample.elf.dir/Hardware/ads1292.c.obj
                0x20000028                Ads1292_Resp2
 *fill*         0x2000002b        0x1 
 .data.Ads1292_Rld_Sens
                0x2000002c        0x6 CMakeFiles/ECG_Sample.elf.dir/Hardware/ads1292.c.obj
                0x2000002c                Ads1292_Rld_Sens
 *fill*         0x20000032        0x2 
 .data.Info1    0x20000034       0x32 CMakeFiles/ECG_Sample.elf.dir/Hardware/ads1292.c.obj
                0x20000034                Info1
 *fill*         0x20000066        0x2 
 .data._impure_ptr
                0x20000068        0x4 d:/program files/gnu arm embedded toolchain/10 2021.10/bin/../lib/gcc/arm-none-eabi/10.3.1/../../../../arm-none-eabi/lib/thumb/v6-m/nofp\libg.a(lib_a-impure.o)
                0x20000068                _impure_ptr
 *fill*         0x2000006c        0x4 
 .data.impure_data
                0x20000070      0x428 d:/program files/gnu arm embedded toolchain/10 2021.10/bin/../lib/gcc/arm-none-eabi/10.3.1/../../../../arm-none-eabi/lib/thumb/v6-m/nofp\libg.a(lib_a-impure.o)
 .data.__atexit_recursive_mutex
                0x20000498        0x4 d:/program files/gnu arm embedded toolchain/10 2021.10/bin/../lib/gcc/arm-none-eabi/10.3.1/../../../../arm-none-eabi/lib/thumb/v6-m/nofp\libg.a(lib_a-__call_atexit.o)
                0x20000498                __atexit_recursive_mutex
 .data.__malloc_av_
                0x2000049c      0x408 d:/program files/gnu arm embedded toolchain/10 2021.10/bin/../lib/gcc/arm-none-eabi/10.3.1/../../../../arm-none-eabi/lib/thumb/v6-m/nofp\libg.a(lib_a-mallocr.o)
                0x2000049c                __malloc_av_
 .data.__malloc_sbrk_base
                0x200008a4        0x4 d:/program files/gnu arm embedded toolchain/10 2021.10/bin/../lib/gcc/arm-none-eabi/10.3.1/../../../../arm-none-eabi/lib/thumb/v6-m/nofp\libg.a(lib_a-mallocr.o)
                0x200008a4                __malloc_sbrk_base
 .data.__malloc_trim_threshold
                0x200008a8        0x4 d:/program files/gnu arm embedded toolchain/10 2021.10/bin/../lib/gcc/arm-none-eabi/10.3.1/../../../../arm-none-eabi/lib/thumb/v6-m/nofp\libg.a(lib_a-mallocr.o)
                0x200008a8                __malloc_trim_threshold
 .data.__global_locale
                0x200008ac      0x16c d:/program files/gnu arm embedded toolchain/10 2021.10/bin/../lib/gcc/arm-none-eabi/10.3.1/../../../../arm-none-eabi/lib/thumb/v6-m/nofp\libg.a(lib_a-locale.o)
                0x200008ac                __global_locale
 *(.RamFunc)
 *(.RamFunc*)
                0x20000a18                . = ALIGN (0x4)
                0x20000a18                _edata = .

.igot.plt       0x20000a18        0x0 load address 0x0800c768
 .igot.plt      0x20000a18        0x0 d:/program files/gnu arm embedded toolchain/10 2021.10/bin/../lib/gcc/arm-none-eabi/10.3.1/thumb/v6-m/nofp/crtbegin.o
                0x20000a18                . = ALIGN (0x4)

.bss            0x20000a18      0x26c load address 0x0800c768
                0x20000a18                _sbss = .
                0x20000a18                __bss_start__ = _sbss
 *(.bss)
 .bss           0x20000a18       0x1c d:/program files/gnu arm embedded toolchain/10 2021.10/bin/../lib/gcc/arm-none-eabi/10.3.1/thumb/v6-m/nofp/crtbegin.o
 *(.bss*)
 .bss.rxBuffer  0x20000a34       0x3c CMakeFiles/ECG_Sample.elf.dir/Core/Src/main.c.obj
                0x20000a34                rxBuffer
 .bss.hspi1     0x20000a70       0x64 CMakeFiles/ECG_Sample.elf.dir/Core/Src/spi.c.obj
                0x20000a70                hspi1
 .bss.__sbrk_heap_end
                0x20000ad4        0x4 CMakeFiles/ECG_Sample.elf.dir/Core/Src/sysmem.c.obj
 .bss.htim17    0x20000ad8       0x48 CMakeFiles/ECG_Sample.elf.dir/Core/Src/tim.c.obj
                0x20000ad8                htim17
 .bss.hdma_usart1_tx
                0x20000b20       0x44 CMakeFiles/ECG_Sample.elf.dir/Core/Src/usart.c.obj
                0x20000b20                hdma_usart1_tx
 .bss.huart1    0x20000b64       0x84 CMakeFiles/ECG_Sample.elf.dir/Core/Src/usart.c.obj
                0x20000b64                huart1
 .bss.uwTick    0x20000be8        0x4 CMakeFiles/ECG_Sample.elf.dir/Drivers/STM32F0xx_HAL_Driver/Src/stm32f0xx_hal.c.obj
                0x20000be8                uwTick
 .bss.ADS1292_REG
                0x20000bec        0xc CMakeFiles/ECG_Sample.elf.dir/Hardware/ads1292.c.obj
                0x20000bec                ADS1292_REG
 .bss.Ads1292_Ch2set
                0x20000bf8        0x3 CMakeFiles/ECG_Sample.elf.dir/Hardware/ads1292.c.obj
                0x20000bf8                Ads1292_Ch2set
 *fill*         0x20000bfb        0x1 
 .bss.Info2     0x20000bfc       0x32 CMakeFiles/ECG_Sample.elf.dir/Hardware/ads1292.c.obj
                0x20000bfc                Info2
 *fill*         0x20000c2e        0x2 
 .bss.ads1292_Cache
                0x20000c30        0x9 CMakeFiles/ECG_Sample.elf.dir/Hardware/ads1292.c.obj
                0x20000c30                ads1292_Cache
 .bss.ads1292_receive_flag
                0x20000c39        0x1 CMakeFiles/ECG_Sample.elf.dir/Hardware/ads1292.c.obj
                0x20000c39                ads1292_receive_flag
 *fill*         0x20000c3a        0x2 
 .bss.__lock___atexit_recursive_mutex
                0x20000c3c        0x1 d:/program files/gnu arm embedded toolchain/10 2021.10/bin/../lib/gcc/arm-none-eabi/10.3.1/../../../../arm-none-eabi/lib/thumb/v6-m/nofp\libg.a(lib_a-lock.o)
                0x20000c3c                __lock___atexit_recursive_mutex
 *fill*         0x20000c3d        0x3 
 .bss.__lock___malloc_recursive_mutex
                0x20000c40        0x1 d:/program files/gnu arm embedded toolchain/10 2021.10/bin/../lib/gcc/arm-none-eabi/10.3.1/../../../../arm-none-eabi/lib/thumb/v6-m/nofp\libg.a(lib_a-lock.o)
                0x20000c40                __lock___malloc_recursive_mutex
 *fill*         0x20000c41        0x3 
 .bss.__lock___sfp_recursive_mutex
                0x20000c44        0x1 d:/program files/gnu arm embedded toolchain/10 2021.10/bin/../lib/gcc/arm-none-eabi/10.3.1/../../../../arm-none-eabi/lib/thumb/v6-m/nofp\libg.a(lib_a-lock.o)
                0x20000c44                __lock___sfp_recursive_mutex
 *fill*         0x20000c45        0x3 
 .bss.__lock___sinit_recursive_mutex
                0x20000c48        0x1 d:/program files/gnu arm embedded toolchain/10 2021.10/bin/../lib/gcc/arm-none-eabi/10.3.1/../../../../arm-none-eabi/lib/thumb/v6-m/nofp\libg.a(lib_a-lock.o)
                0x20000c48                __lock___sinit_recursive_mutex
 *fill*         0x20000c49        0x3 
 .bss.__malloc_current_mallinfo
                0x20000c4c       0x28 d:/program files/gnu arm embedded toolchain/10 2021.10/bin/../lib/gcc/arm-none-eabi/10.3.1/../../../../arm-none-eabi/lib/thumb/v6-m/nofp\libg.a(lib_a-mallocr.o)
                0x20000c4c                __malloc_current_mallinfo
 .bss.__malloc_max_sbrked_mem
                0x20000c74        0x4 d:/program files/gnu arm embedded toolchain/10 2021.10/bin/../lib/gcc/arm-none-eabi/10.3.1/../../../../arm-none-eabi/lib/thumb/v6-m/nofp\libg.a(lib_a-mallocr.o)
                0x20000c74                __malloc_max_sbrked_mem
 .bss.__malloc_max_total_mem
                0x20000c78        0x4 d:/program files/gnu arm embedded toolchain/10 2021.10/bin/../lib/gcc/arm-none-eabi/10.3.1/../../../../arm-none-eabi/lib/thumb/v6-m/nofp\libg.a(lib_a-mallocr.o)
                0x20000c78                __malloc_max_total_mem
 .bss.__malloc_top_pad
                0x20000c7c        0x4 d:/program files/gnu arm embedded toolchain/10 2021.10/bin/../lib/gcc/arm-none-eabi/10.3.1/../../../../arm-none-eabi/lib/thumb/v6-m/nofp\libg.a(lib_a-mallocr.o)
                0x20000c7c                __malloc_top_pad
 .bss.errno     0x20000c80        0x4 d:/program files/gnu arm embedded toolchain/10 2021.10/bin/../lib/gcc/arm-none-eabi/10.3.1/../../../../arm-none-eabi/lib/thumb/v6-m/nofp\libg.a(lib_a-reent.o)
                0x20000c80                errno
 *(COMMON)
                0x20000c84                . = ALIGN (0x4)
                0x20000c84                _ebss = .
                0x20000c84                __bss_end__ = _ebss

._user_heap_stack
                0x20000c84      0x604 load address 0x0800c768
                0x20000c88                . = ALIGN (0x8)
 *fill*         0x20000c84        0x4 
                [!provide]                PROVIDE (end = .)
                0x20000c88                PROVIDE (_end = .)
                0x20000e88                . = (. + _Min_Heap_Size)
 *fill*         0x20000c88      0x200 
                0x20001288                . = (. + _Min_Stack_Size)
 *fill*         0x20000e88      0x400 
                0x20001288                . = ALIGN (0x8)

/DISCARD/
 libc.a(*)
 libm.a(*)
 libgcc.a(*)

.ARM.attributes
                0x00000000       0x28
 *(.ARM.attributes)
 .ARM.attributes
                0x00000000       0x1e d:/program files/gnu arm embedded toolchain/10 2021.10/bin/../lib/gcc/arm-none-eabi/10.3.1/thumb/v6-m/nofp/crti.o
 .ARM.attributes
                0x0000001e       0x2c d:/program files/gnu arm embedded toolchain/10 2021.10/bin/../lib/gcc/arm-none-eabi/10.3.1/thumb/v6-m/nofp/crtbegin.o
 .ARM.attributes
                0x0000004a       0x2c CMakeFiles/ECG_Sample.elf.dir/Core/Src/dma.c.obj
 .ARM.attributes
                0x00000076       0x2c CMakeFiles/ECG_Sample.elf.dir/Core/Src/gpio.c.obj
 .ARM.attributes
                0x000000a2       0x2c CMakeFiles/ECG_Sample.elf.dir/Core/Src/main.c.obj
 .ARM.attributes
                0x000000ce       0x2c CMakeFiles/ECG_Sample.elf.dir/Core/Src/spi.c.obj
 .ARM.attributes
                0x000000fa       0x2c CMakeFiles/ECG_Sample.elf.dir/Core/Src/stm32f0xx_hal_msp.c.obj
 .ARM.attributes
                0x00000126       0x2c CMakeFiles/ECG_Sample.elf.dir/Core/Src/stm32f0xx_it.c.obj
 .ARM.attributes
                0x00000152       0x2c CMakeFiles/ECG_Sample.elf.dir/Core/Src/syscalls.c.obj
 .ARM.attributes
                0x0000017e       0x2c CMakeFiles/ECG_Sample.elf.dir/Core/Src/sysmem.c.obj
 .ARM.attributes
                0x000001aa       0x2c CMakeFiles/ECG_Sample.elf.dir/Core/Src/system_stm32f0xx.c.obj
 .ARM.attributes
                0x000001d6       0x2c CMakeFiles/ECG_Sample.elf.dir/Core/Src/tim.c.obj
 .ARM.attributes
                0x00000202       0x2c CMakeFiles/ECG_Sample.elf.dir/Core/Src/usart.c.obj
 .ARM.attributes
                0x0000022e       0x21 CMakeFiles/ECG_Sample.elf.dir/Core/Startup/startup_stm32f030c8tx.s.obj
 .ARM.attributes
                0x0000024f       0x2c CMakeFiles/ECG_Sample.elf.dir/Drivers/STM32F0xx_HAL_Driver/Src/stm32f0xx_hal.c.obj
 .ARM.attributes
                0x0000027b       0x2c CMakeFiles/ECG_Sample.elf.dir/Drivers/STM32F0xx_HAL_Driver/Src/stm32f0xx_hal_cortex.c.obj
 .ARM.attributes
                0x000002a7       0x2c CMakeFiles/ECG_Sample.elf.dir/Drivers/STM32F0xx_HAL_Driver/Src/stm32f0xx_hal_dma.c.obj
 .ARM.attributes
                0x000002d3       0x2c CMakeFiles/ECG_Sample.elf.dir/Drivers/STM32F0xx_HAL_Driver/Src/stm32f0xx_hal_gpio.c.obj
 .ARM.attributes
                0x000002ff       0x2c CMakeFiles/ECG_Sample.elf.dir/Drivers/STM32F0xx_HAL_Driver/Src/stm32f0xx_hal_rcc.c.obj
 .ARM.attributes
                0x0000032b       0x2c CMakeFiles/ECG_Sample.elf.dir/Drivers/STM32F0xx_HAL_Driver/Src/stm32f0xx_hal_rcc_ex.c.obj
 .ARM.attributes
                0x00000357       0x2c CMakeFiles/ECG_Sample.elf.dir/Drivers/STM32F0xx_HAL_Driver/Src/stm32f0xx_hal_spi.c.obj
 .ARM.attributes
                0x00000383       0x2c CMakeFiles/ECG_Sample.elf.dir/Drivers/STM32F0xx_HAL_Driver/Src/stm32f0xx_hal_tim.c.obj
 .ARM.attributes
                0x000003af       0x2c CMakeFiles/ECG_Sample.elf.dir/Drivers/STM32F0xx_HAL_Driver/Src/stm32f0xx_hal_uart.c.obj
 .ARM.attributes
                0x000003db       0x2c CMakeFiles/ECG_Sample.elf.dir/Hardware/ads1292.c.obj
 .ARM.attributes
                0x00000407       0x1e d:/program files/gnu arm embedded toolchain/10 2021.10/bin/../lib/gcc/arm-none-eabi/10.3.1/thumb/v6-m/nofp\libgcc.a(_udivsi3.o)
 .ARM.attributes
                0x00000425       0x1e d:/program files/gnu arm embedded toolchain/10 2021.10/bin/../lib/gcc/arm-none-eabi/10.3.1/thumb/v6-m/nofp\libgcc.a(_dvmd_tls.o)
 .ARM.attributes
                0x00000443       0x2c d:/program files/gnu arm embedded toolchain/10 2021.10/bin/../lib/gcc/arm-none-eabi/10.3.1/../../../../arm-none-eabi/lib/thumb/v6-m/nofp\libg.a(lib_a-errno.o)
 .ARM.attributes
                0x0000046f       0x2c d:/program files/gnu arm embedded toolchain/10 2021.10/bin/../lib/gcc/arm-none-eabi/10.3.1/../../../../arm-none-eabi/lib/thumb/v6-m/nofp\libg.a(lib_a-impure.o)
 .ARM.attributes
                0x0000049b       0x2c d:/program files/gnu arm embedded toolchain/10 2021.10/bin/../lib/gcc/arm-none-eabi/10.3.1/../../../../arm-none-eabi/lib/thumb/v6-m/nofp\libg.a(lib_a-init.o)
 .ARM.attributes
                0x000004c7       0x2c d:/program files/gnu arm embedded toolchain/10 2021.10/bin/../lib/gcc/arm-none-eabi/10.3.1/../../../../arm-none-eabi/lib/thumb/v6-m/nofp\libg.a(lib_a-memset.o)
 .ARM.attributes
                0x000004f3       0x2c d:/program files/gnu arm embedded toolchain/10 2021.10/bin/../lib/gcc/arm-none-eabi/10.3.1/../../../../arm-none-eabi/lib/thumb/v6-m/nofp\libg.a(lib_a-sprintf.o)
 .ARM.attributes
                0x0000051f       0x2c d:/program files/gnu arm embedded toolchain/10 2021.10/bin/../lib/gcc/arm-none-eabi/10.3.1/../../../../arm-none-eabi/lib/thumb/v6-m/nofp\libg.a(lib_a-strlen-stub.o)
 .ARM.attributes
                0x0000054b       0x2c d:/program files/gnu arm embedded toolchain/10 2021.10/bin/../lib/gcc/arm-none-eabi/10.3.1/../../../../arm-none-eabi/lib/thumb/v6-m/nofp\libg.a(lib_a-strncmp.o)
 .ARM.attributes
                0x00000577       0x2c d:/program files/gnu arm embedded toolchain/10 2021.10/bin/../lib/gcc/arm-none-eabi/10.3.1/../../../../arm-none-eabi/lib/thumb/v6-m/nofp\libg.a(lib_a-svfprintf.o)
 .ARM.attributes
                0x000005a3       0x2c d:/program files/gnu arm embedded toolchain/10 2021.10/bin/../lib/gcc/arm-none-eabi/10.3.1/../../../../arm-none-eabi/lib/thumb/v6-m/nofp\libg.a(lib_a-__call_atexit.o)
 .ARM.attributes
                0x000005cf       0x2c d:/program files/gnu arm embedded toolchain/10 2021.10/bin/../lib/gcc/arm-none-eabi/10.3.1/../../../../arm-none-eabi/lib/thumb/v6-m/nofp\libg.a(lib_a-atexit.o)
 .ARM.attributes
                0x000005fb       0x2c d:/program files/gnu arm embedded toolchain/10 2021.10/bin/../lib/gcc/arm-none-eabi/10.3.1/../../../../arm-none-eabi/lib/thumb/v6-m/nofp\libg.a(lib_a-dtoa.o)
 .ARM.attributes
                0x00000627       0x2c d:/program files/gnu arm embedded toolchain/10 2021.10/bin/../lib/gcc/arm-none-eabi/10.3.1/../../../../arm-none-eabi/lib/thumb/v6-m/nofp\libg.a(lib_a-fini.o)
 .ARM.attributes
                0x00000653       0x2c d:/program files/gnu arm embedded toolchain/10 2021.10/bin/../lib/gcc/arm-none-eabi/10.3.1/../../../../arm-none-eabi/lib/thumb/v6-m/nofp\libg.a(lib_a-freer.o)
 .ARM.attributes
                0x0000067f       0x2c d:/program files/gnu arm embedded toolchain/10 2021.10/bin/../lib/gcc/arm-none-eabi/10.3.1/../../../../arm-none-eabi/lib/thumb/v6-m/nofp\libg.a(lib_a-localeconv.o)
 .ARM.attributes
                0x000006ab       0x2c d:/program files/gnu arm embedded toolchain/10 2021.10/bin/../lib/gcc/arm-none-eabi/10.3.1/../../../../arm-none-eabi/lib/thumb/v6-m/nofp\libg.a(lib_a-lock.o)
 .ARM.attributes
                0x000006d7       0x2c d:/program files/gnu arm embedded toolchain/10 2021.10/bin/../lib/gcc/arm-none-eabi/10.3.1/../../../../arm-none-eabi/lib/thumb/v6-m/nofp\libg.a(lib_a-mallocr.o)
 .ARM.attributes
                0x00000703       0x2c d:/program files/gnu arm embedded toolchain/10 2021.10/bin/../lib/gcc/arm-none-eabi/10.3.1/../../../../arm-none-eabi/lib/thumb/v6-m/nofp\libg.a(lib_a-memchr-stub.o)
 .ARM.attributes
                0x0000072f       0x2c d:/program files/gnu arm embedded toolchain/10 2021.10/bin/../lib/gcc/arm-none-eabi/10.3.1/../../../../arm-none-eabi/lib/thumb/v6-m/nofp\libg.a(lib_a-memcpy-stub.o)
 .ARM.attributes
                0x0000075b       0x2c d:/program files/gnu arm embedded toolchain/10 2021.10/bin/../lib/gcc/arm-none-eabi/10.3.1/../../../../arm-none-eabi/lib/thumb/v6-m/nofp\libg.a(lib_a-mlock.o)
 .ARM.attributes
                0x00000787       0x2c d:/program files/gnu arm embedded toolchain/10 2021.10/bin/../lib/gcc/arm-none-eabi/10.3.1/../../../../arm-none-eabi/lib/thumb/v6-m/nofp\libg.a(lib_a-mprec.o)
 .ARM.attributes
                0x000007b3       0x2c d:/program files/gnu arm embedded toolchain/10 2021.10/bin/../lib/gcc/arm-none-eabi/10.3.1/../../../../arm-none-eabi/lib/thumb/v6-m/nofp\libg.a(lib_a-s_frexp.o)
 .ARM.attributes
                0x000007df       0x2c d:/program files/gnu arm embedded toolchain/10 2021.10/bin/../lib/gcc/arm-none-eabi/10.3.1/../../../../arm-none-eabi/lib/thumb/v6-m/nofp\libg.a(lib_a-sbrkr.o)
 .ARM.attributes
                0x0000080b       0x2c d:/program files/gnu arm embedded toolchain/10 2021.10/bin/../lib/gcc/arm-none-eabi/10.3.1/../../../../arm-none-eabi/lib/thumb/v6-m/nofp\libg.a(lib_a-strncpy.o)
 .ARM.attributes
                0x00000837       0x2c d:/program files/gnu arm embedded toolchain/10 2021.10/bin/../lib/gcc/arm-none-eabi/10.3.1/../../../../arm-none-eabi/lib/thumb/v6-m/nofp\libg.a(lib_a-svfiprintf.o)
 .ARM.attributes
                0x00000863       0x2c d:/program files/gnu arm embedded toolchain/10 2021.10/bin/../lib/gcc/arm-none-eabi/10.3.1/../../../../arm-none-eabi/lib/thumb/v6-m/nofp\libg.a(lib_a-__atexit.o)
 .ARM.attributes
                0x0000088f       0x2c d:/program files/gnu arm embedded toolchain/10 2021.10/bin/../lib/gcc/arm-none-eabi/10.3.1/../../../../arm-none-eabi/lib/thumb/v6-m/nofp\libg.a(lib_a-assert.o)
 .ARM.attributes
                0x000008bb       0x2c d:/program files/gnu arm embedded toolchain/10 2021.10/bin/../lib/gcc/arm-none-eabi/10.3.1/../../../../arm-none-eabi/lib/thumb/v6-m/nofp\libg.a(lib_a-callocr.o)
 .ARM.attributes
                0x000008e7       0x2c d:/program files/gnu arm embedded toolchain/10 2021.10/bin/../lib/gcc/arm-none-eabi/10.3.1/../../../../arm-none-eabi/lib/thumb/v6-m/nofp\libg.a(lib_a-fiprintf.o)
 .ARM.attributes
                0x00000913       0x2c d:/program files/gnu arm embedded toolchain/10 2021.10/bin/../lib/gcc/arm-none-eabi/10.3.1/../../../../arm-none-eabi/lib/thumb/v6-m/nofp\libg.a(lib_a-locale.o)
 .ARM.attributes
                0x0000093f       0x2c d:/program files/gnu arm embedded toolchain/10 2021.10/bin/../lib/gcc/arm-none-eabi/10.3.1/../../../../arm-none-eabi/lib/thumb/v6-m/nofp\libg.a(lib_a-mbtowc_r.o)
 .ARM.attributes
                0x0000096b       0x2c d:/program files/gnu arm embedded toolchain/10 2021.10/bin/../lib/gcc/arm-none-eabi/10.3.1/../../../../arm-none-eabi/lib/thumb/v6-m/nofp\libg.a(lib_a-memmove.o)
 .ARM.attributes
                0x00000997       0x2c d:/program files/gnu arm embedded toolchain/10 2021.10/bin/../lib/gcc/arm-none-eabi/10.3.1/../../../../arm-none-eabi/lib/thumb/v6-m/nofp\libg.a(lib_a-reallocr.o)
 .ARM.attributes
                0x000009c3       0x2c d:/program files/gnu arm embedded toolchain/10 2021.10/bin/../lib/gcc/arm-none-eabi/10.3.1/../../../../arm-none-eabi/lib/thumb/v6-m/nofp\libg.a(lib_a-reent.o)
 .ARM.attributes
                0x000009ef       0x2c d:/program files/gnu arm embedded toolchain/10 2021.10/bin/../lib/gcc/arm-none-eabi/10.3.1/../../../../arm-none-eabi/lib/thumb/v6-m/nofp\libg.a(lib_a-vfiprintf.o)
 .ARM.attributes
                0x00000a1b       0x2c d:/program files/gnu arm embedded toolchain/10 2021.10/bin/../lib/gcc/arm-none-eabi/10.3.1/../../../../arm-none-eabi/lib/thumb/v6-m/nofp\libg.a(lib_a-wctomb_r.o)
 .ARM.attributes
                0x00000a47       0x2c d:/program files/gnu arm embedded toolchain/10 2021.10/bin/../lib/gcc/arm-none-eabi/10.3.1/../../../../arm-none-eabi/lib/thumb/v6-m/nofp\libg.a(lib_a-wsetup.o)
 .ARM.attributes
                0x00000a73       0x2c d:/program files/gnu arm embedded toolchain/10 2021.10/bin/../lib/gcc/arm-none-eabi/10.3.1/../../../../arm-none-eabi/lib/thumb/v6-m/nofp\libg.a(lib_a-abort.o)
 .ARM.attributes
                0x00000a9f       0x2c d:/program files/gnu arm embedded toolchain/10 2021.10/bin/../lib/gcc/arm-none-eabi/10.3.1/../../../../arm-none-eabi/lib/thumb/v6-m/nofp\libg.a(lib_a-ctype_.o)
 .ARM.attributes
                0x00000acb       0x2c d:/program files/gnu arm embedded toolchain/10 2021.10/bin/../lib/gcc/arm-none-eabi/10.3.1/../../../../arm-none-eabi/lib/thumb/v6-m/nofp\libg.a(lib_a-fflush.o)
 .ARM.attributes
                0x00000af7       0x2c d:/program files/gnu arm embedded toolchain/10 2021.10/bin/../lib/gcc/arm-none-eabi/10.3.1/../../../../arm-none-eabi/lib/thumb/v6-m/nofp\libg.a(lib_a-findfp.o)
 .ARM.attributes
                0x00000b23       0x2c d:/program files/gnu arm embedded toolchain/10 2021.10/bin/../lib/gcc/arm-none-eabi/10.3.1/../../../../arm-none-eabi/lib/thumb/v6-m/nofp\libg.a(lib_a-fputwc.o)
 .ARM.attributes
                0x00000b4f       0x2c d:/program files/gnu arm embedded toolchain/10 2021.10/bin/../lib/gcc/arm-none-eabi/10.3.1/../../../../arm-none-eabi/lib/thumb/v6-m/nofp\libg.a(lib_a-fvwrite.o)
 .ARM.attributes
                0x00000b7b       0x2c d:/program files/gnu arm embedded toolchain/10 2021.10/bin/../lib/gcc/arm-none-eabi/10.3.1/../../../../arm-none-eabi/lib/thumb/v6-m/nofp\libg.a(lib_a-fwalk.o)
 .ARM.attributes
                0x00000ba7       0x2c d:/program files/gnu arm embedded toolchain/10 2021.10/bin/../lib/gcc/arm-none-eabi/10.3.1/../../../../arm-none-eabi/lib/thumb/v6-m/nofp\libg.a(lib_a-makebuf.o)
 .ARM.attributes
                0x00000bd3       0x2c d:/program files/gnu arm embedded toolchain/10 2021.10/bin/../lib/gcc/arm-none-eabi/10.3.1/../../../../arm-none-eabi/lib/thumb/v6-m/nofp\libg.a(lib_a-signal.o)
 .ARM.attributes
                0x00000bff       0x2c d:/program files/gnu arm embedded toolchain/10 2021.10/bin/../lib/gcc/arm-none-eabi/10.3.1/../../../../arm-none-eabi/lib/thumb/v6-m/nofp\libg.a(lib_a-signalr.o)
 .ARM.attributes
                0x00000c2b       0x2c d:/program files/gnu arm embedded toolchain/10 2021.10/bin/../lib/gcc/arm-none-eabi/10.3.1/../../../../arm-none-eabi/lib/thumb/v6-m/nofp\libg.a(lib_a-stdio.o)
 .ARM.attributes
                0x00000c57       0x2c d:/program files/gnu arm embedded toolchain/10 2021.10/bin/../lib/gcc/arm-none-eabi/10.3.1/../../../../arm-none-eabi/lib/thumb/v6-m/nofp\libg.a(lib_a-wbuf.o)
 .ARM.attributes
                0x00000c83       0x2c d:/program files/gnu arm embedded toolchain/10 2021.10/bin/../lib/gcc/arm-none-eabi/10.3.1/../../../../arm-none-eabi/lib/thumb/v6-m/nofp\libg.a(lib_a-wcrtomb.o)
 .ARM.attributes
                0x00000caf       0x2c d:/program files/gnu arm embedded toolchain/10 2021.10/bin/../lib/gcc/arm-none-eabi/10.3.1/../../../../arm-none-eabi/lib/thumb/v6-m/nofp\libg.a(lib_a-writer.o)
 .ARM.attributes
                0x00000cdb       0x2c d:/program files/gnu arm embedded toolchain/10 2021.10/bin/../lib/gcc/arm-none-eabi/10.3.1/../../../../arm-none-eabi/lib/thumb/v6-m/nofp\libg.a(lib_a-closer.o)
 .ARM.attributes
                0x00000d07       0x2c d:/program files/gnu arm embedded toolchain/10 2021.10/bin/../lib/gcc/arm-none-eabi/10.3.1/../../../../arm-none-eabi/lib/thumb/v6-m/nofp\libg.a(lib_a-fclose.o)
 .ARM.attributes
                0x00000d33       0x2c d:/program files/gnu arm embedded toolchain/10 2021.10/bin/../lib/gcc/arm-none-eabi/10.3.1/../../../../arm-none-eabi/lib/thumb/v6-m/nofp\libg.a(lib_a-fstatr.o)
 .ARM.attributes
                0x00000d5f       0x2c d:/program files/gnu arm embedded toolchain/10 2021.10/bin/../lib/gcc/arm-none-eabi/10.3.1/../../../../arm-none-eabi/lib/thumb/v6-m/nofp\libg.a(lib_a-isattyr.o)
 .ARM.attributes
                0x00000d8b       0x2c d:/program files/gnu arm embedded toolchain/10 2021.10/bin/../lib/gcc/arm-none-eabi/10.3.1/../../../../arm-none-eabi/lib/thumb/v6-m/nofp\libg.a(lib_a-lseekr.o)
 .ARM.attributes
                0x00000db7       0x2c d:/program files/gnu arm embedded toolchain/10 2021.10/bin/../lib/gcc/arm-none-eabi/10.3.1/../../../../arm-none-eabi/lib/thumb/v6-m/nofp\libg.a(lib_a-readr.o)
 .ARM.attributes
                0x00000de3       0x1e d:/program files/gnu arm embedded toolchain/10 2021.10/bin/../lib/gcc/arm-none-eabi/10.3.1/thumb/v6-m/nofp\libgcc.a(_divsi3.o)
 .ARM.attributes
                0x00000e01       0x1e d:/program files/gnu arm embedded toolchain/10 2021.10/bin/../lib/gcc/arm-none-eabi/10.3.1/thumb/v6-m/nofp\libgcc.a(_arm_cmpdf2.o)
 .ARM.attributes
                0x00000e1f       0x1e d:/program files/gnu arm embedded toolchain/10 2021.10/bin/../lib/gcc/arm-none-eabi/10.3.1/thumb/v6-m/nofp\libgcc.a(_aeabi_uldivmod.o)
 .ARM.attributes
                0x00000e3d       0x2c d:/program files/gnu arm embedded toolchain/10 2021.10/bin/../lib/gcc/arm-none-eabi/10.3.1/thumb/v6-m/nofp\libgcc.a(_udivmoddi4.o)
 .ARM.attributes
                0x00000e69       0x2c d:/program files/gnu arm embedded toolchain/10 2021.10/bin/../lib/gcc/arm-none-eabi/10.3.1/thumb/v6-m/nofp\libgcc.a(adddf3.o)
 .ARM.attributes
                0x00000e95       0x2c d:/program files/gnu arm embedded toolchain/10 2021.10/bin/../lib/gcc/arm-none-eabi/10.3.1/thumb/v6-m/nofp\libgcc.a(divdf3.o)
 .ARM.attributes
                0x00000ec1       0x2c d:/program files/gnu arm embedded toolchain/10 2021.10/bin/../lib/gcc/arm-none-eabi/10.3.1/thumb/v6-m/nofp\libgcc.a(eqdf2.o)
 .ARM.attributes
                0x00000eed       0x2c d:/program files/gnu arm embedded toolchain/10 2021.10/bin/../lib/gcc/arm-none-eabi/10.3.1/thumb/v6-m/nofp\libgcc.a(gedf2.o)
 .ARM.attributes
                0x00000f19       0x2c d:/program files/gnu arm embedded toolchain/10 2021.10/bin/../lib/gcc/arm-none-eabi/10.3.1/thumb/v6-m/nofp\libgcc.a(ledf2.o)
 .ARM.attributes
                0x00000f45       0x2c d:/program files/gnu arm embedded toolchain/10 2021.10/bin/../lib/gcc/arm-none-eabi/10.3.1/thumb/v6-m/nofp\libgcc.a(muldf3.o)
 .ARM.attributes
                0x00000f71       0x2c d:/program files/gnu arm embedded toolchain/10 2021.10/bin/../lib/gcc/arm-none-eabi/10.3.1/thumb/v6-m/nofp\libgcc.a(subdf3.o)
 .ARM.attributes
                0x00000f9d       0x2c d:/program files/gnu arm embedded toolchain/10 2021.10/bin/../lib/gcc/arm-none-eabi/10.3.1/thumb/v6-m/nofp\libgcc.a(unorddf2.o)
 .ARM.attributes
                0x00000fc9       0x2c d:/program files/gnu arm embedded toolchain/10 2021.10/bin/../lib/gcc/arm-none-eabi/10.3.1/thumb/v6-m/nofp\libgcc.a(fixdfsi.o)
 .ARM.attributes
                0x00000ff5       0x2c d:/program files/gnu arm embedded toolchain/10 2021.10/bin/../lib/gcc/arm-none-eabi/10.3.1/thumb/v6-m/nofp\libgcc.a(floatsidf.o)
 .ARM.attributes
                0x00001021       0x2c d:/program files/gnu arm embedded toolchain/10 2021.10/bin/../lib/gcc/arm-none-eabi/10.3.1/thumb/v6-m/nofp\libgcc.a(floatunsidf.o)
 .ARM.attributes
                0x0000104d       0x1e d:/program files/gnu arm embedded toolchain/10 2021.10/bin/../lib/gcc/arm-none-eabi/10.3.1/thumb/v6-m/nofp\libgcc.a(_clzsi2.o)
 .ARM.attributes
                0x0000106b       0x1e d:/program files/gnu arm embedded toolchain/10 2021.10/bin/../lib/gcc/arm-none-eabi/10.3.1/thumb/v6-m/nofp\libgcc.a(_clzdi2.o)
 .ARM.attributes
                0x00001089       0x1e d:/program files/gnu arm embedded toolchain/10 2021.10/bin/../lib/gcc/arm-none-eabi/10.3.1/thumb/v6-m/nofp/crtn.o
OUTPUT(ECG_Sample.elf elf32-littlearm)
LOAD linker stubs
LOAD d:/program files/gnu arm embedded toolchain/10 2021.10/bin/../lib/gcc/arm-none-eabi/10.3.1/../../../../arm-none-eabi/lib/thumb/v6-m/nofp\libc.a
LOAD d:/program files/gnu arm embedded toolchain/10 2021.10/bin/../lib/gcc/arm-none-eabi/10.3.1/../../../../arm-none-eabi/lib/thumb/v6-m/nofp\libm.a
LOAD d:/program files/gnu arm embedded toolchain/10 2021.10/bin/../lib/gcc/arm-none-eabi/10.3.1/thumb/v6-m/nofp\libgcc.a

.debug_info     0x00000000    0x1399c
 .debug_info    0x00000000      0x2a6 CMakeFiles/ECG_Sample.elf.dir/Core/Src/dma.c.obj
 .debug_info    0x000002a6      0x4bd CMakeFiles/ECG_Sample.elf.dir/Core/Src/gpio.c.obj
 .debug_info    0x00000763      0xe85 CMakeFiles/ECG_Sample.elf.dir/Core/Src/main.c.obj
 .debug_info    0x000015e8      0x918 CMakeFiles/ECG_Sample.elf.dir/Core/Src/spi.c.obj
 .debug_info    0x00001f00      0x1b4 CMakeFiles/ECG_Sample.elf.dir/Core/Src/stm32f0xx_hal_msp.c.obj
 .debug_info    0x000020b4      0x747 CMakeFiles/ECG_Sample.elf.dir/Core/Src/stm32f0xx_it.c.obj
 .debug_info    0x000027fb      0x7af CMakeFiles/ECG_Sample.elf.dir/Core/Src/syscalls.c.obj
 .debug_info    0x00002faa      0x17c CMakeFiles/ECG_Sample.elf.dir/Core/Src/sysmem.c.obj
 .debug_info    0x00003126      0x28b CMakeFiles/ECG_Sample.elf.dir/Core/Src/system_stm32f0xx.c.obj
 .debug_info    0x000033b1      0x7da CMakeFiles/ECG_Sample.elf.dir/Core/Src/tim.c.obj
 .debug_info    0x00003b8b      0xb35 CMakeFiles/ECG_Sample.elf.dir/Core/Src/usart.c.obj
 .debug_info    0x000046c0       0x22 CMakeFiles/ECG_Sample.elf.dir/Core/Startup/startup_stm32f030c8tx.s.obj
 .debug_info    0x000046e2      0x737 CMakeFiles/ECG_Sample.elf.dir/Drivers/STM32F0xx_HAL_Driver/Src/stm32f0xx_hal.c.obj
 .debug_info    0x00004e19      0x83a CMakeFiles/ECG_Sample.elf.dir/Drivers/STM32F0xx_HAL_Driver/Src/stm32f0xx_hal_cortex.c.obj
 .debug_info    0x00005653      0x89e CMakeFiles/ECG_Sample.elf.dir/Drivers/STM32F0xx_HAL_Driver/Src/stm32f0xx_hal_dma.c.obj
 .debug_info    0x00005ef1      0x64f CMakeFiles/ECG_Sample.elf.dir/Drivers/STM32F0xx_HAL_Driver/Src/stm32f0xx_hal_gpio.c.obj
 .debug_info    0x00006540      0xa61 CMakeFiles/ECG_Sample.elf.dir/Drivers/STM32F0xx_HAL_Driver/Src/stm32f0xx_hal_rcc.c.obj
 .debug_info    0x00006fa1      0x3dc CMakeFiles/ECG_Sample.elf.dir/Drivers/STM32F0xx_HAL_Driver/Src/stm32f0xx_hal_rcc_ex.c.obj
 .debug_info    0x0000737d     0x2194 CMakeFiles/ECG_Sample.elf.dir/Drivers/STM32F0xx_HAL_Driver/Src/stm32f0xx_hal_spi.c.obj
 .debug_info    0x00009511     0x3cda CMakeFiles/ECG_Sample.elf.dir/Drivers/STM32F0xx_HAL_Driver/Src/stm32f0xx_hal_tim.c.obj
 .debug_info    0x0000d1eb     0x4ebf CMakeFiles/ECG_Sample.elf.dir/Drivers/STM32F0xx_HAL_Driver/Src/stm32f0xx_hal_uart.c.obj
 .debug_info    0x000120aa     0x18f2 CMakeFiles/ECG_Sample.elf.dir/Hardware/ads1292.c.obj

.debug_abbrev   0x00000000     0x27aa
 .debug_abbrev  0x00000000      0x114 CMakeFiles/ECG_Sample.elf.dir/Core/Src/dma.c.obj
 .debug_abbrev  0x00000114      0x17b CMakeFiles/ECG_Sample.elf.dir/Core/Src/gpio.c.obj
 .debug_abbrev  0x0000028f      0x248 CMakeFiles/ECG_Sample.elf.dir/Core/Src/main.c.obj
 .debug_abbrev  0x000004d7      0x1e4 CMakeFiles/ECG_Sample.elf.dir/Core/Src/spi.c.obj
 .debug_abbrev  0x000006bb       0xbf CMakeFiles/ECG_Sample.elf.dir/Core/Src/stm32f0xx_hal_msp.c.obj
 .debug_abbrev  0x0000077a      0x17c CMakeFiles/ECG_Sample.elf.dir/Core/Src/stm32f0xx_it.c.obj
 .debug_abbrev  0x000008f6      0x1a3 CMakeFiles/ECG_Sample.elf.dir/Core/Src/syscalls.c.obj
 .debug_abbrev  0x00000a99       0xe7 CMakeFiles/ECG_Sample.elf.dir/Core/Src/sysmem.c.obj
 .debug_abbrev  0x00000b80      0x131 CMakeFiles/ECG_Sample.elf.dir/Core/Src/system_stm32f0xx.c.obj
 .debug_abbrev  0x00000cb1      0x1ea CMakeFiles/ECG_Sample.elf.dir/Core/Src/tim.c.obj
 .debug_abbrev  0x00000e9b      0x200 CMakeFiles/ECG_Sample.elf.dir/Core/Src/usart.c.obj
 .debug_abbrev  0x0000109b       0x12 CMakeFiles/ECG_Sample.elf.dir/Core/Startup/startup_stm32f030c8tx.s.obj